 test

 Timestamp is 54a2e21d (Tue Dec 30 18:34:21 2014)

 Preferred load address is 00400000

 Start         Length     Name                   Class
 0001:00000000 0001ee58H .text                   CODE
 0001:0001ee60 0000001aH .text$yc                CODE
 0001:0001ee80 0000001eH .text$yd                CODE
 0002:00000000 0000017cH .idata$5                DATA
 0002:0000017c 00000004H .CRT$XCA                DATA
 0002:00000180 00000004H .CRT$XCU                DATA
 0002:00000184 00000004H .CRT$XCZ                DATA
 0002:00000188 00000004H .CRT$XIA                DATA
 0002:0000018c 00000014H .CRT$XIC                DATA
 0002:000001a0 00000004H .CRT$XIY                DATA
 0002:000001a4 00000004H .CRT$XIZ                DATA
 0002:000001a8 00000004H .CRT$XPA                DATA
 0002:000001ac 00000004H .CRT$XPX                DATA
 0002:000001b0 00000004H .CRT$XPXA               DATA
 0002:000001b4 00000004H .CRT$XPZ                DATA
 0002:000001b8 00000004H .CRT$XTA                DATA
 0002:000001bc 00000004H .CRT$XTZ                DATA
 0002:000001c0 00003590H .rdata                  DATA
 0002:00003750 00000c2cH .rdata$r                DATA
 0002:00004380 0000000cH .rdata$sxdata           DATA
 0002:0000438c 00000004H .rtc$IAA                DATA
 0002:00004390 00000004H .rtc$IZZ                DATA
 0002:00004394 00000004H .rtc$TAA                DATA
 0002:00004398 00000004H .rtc$TZZ                DATA
 0002:000043a0 000005a8H .xdata$x                DATA
 0002:00004948 00000028H .idata$2                DATA
 0002:00004970 00000014H .idata$3                DATA
 0002:00004984 0000017cH .idata$4                DATA
 0002:00004b00 00000554H .idata$6                DATA
 0002:00005054 00000000H .edata                  DATA
 0003:00000000 00001720H .data                   DATA
 0003:00001720 00001e24H .bss                    DATA

  Address         Publics by Value              Rva+Base       Lib:Object

 0000:00000000       __except_list              00000000     <absolute>
 0000:00000003       ___safe_se_handler_count   00000003     <absolute>
 0000:00000000       ___ImageBase               00400000     <linker-defined>
 0001:00000000       ?Set@UID@@QAEXPAE@Z        00401000 f i test.obj
 0001:00000050       ?SetLength@UID@@QAEXI@Z    00401050 f i test.obj
 0001:00000080       ??4UID@@QAE?AV0@AAV0@@Z    00401080 f i test.obj
 0001:000000d0       ??_GCStoreRQ@@UAEPAXI@Z    004010d0 f i test.obj
 0001:000000d0       ??_ECStoreRQ@@UAEPAXI@Z    004010d0 f i test.obj
 0001:000000f0       ??_GCStoreRSP@@UAEPAXI@Z   004010f0 f i test.obj
 0001:000000f0       ??_ECStoreRSP@@UAEPAXI@Z   004010f0 f i test.obj
 0001:00000110       ??4ApplicationContext@@QAEAAV0@AAV0@@Z 00401110 f i dicom:cong.obj
 0001:00000110       ??4AbstractSyntax@@QAEAAV0@AAV0@@Z 00401110 f i test.obj
 0001:00000170       ?IsDataAlpha@@YAHIPAE@Z    00401170 f   test.obj
 0001:000001b0       ?PrintUDATA@@YAHIPAXG@Z    004011b0 f   test.obj
 0001:00000590       ?DumpVR@@YAHPAVVR@@@Z      00401590 f   test.obj
 0001:00000680       ?NonDestructiveDumpDICOMObject@@YAHPAVDICOMObject@@@Z 00401680 f   test.obj
 0001:00000710       ?SetStringVR@@YAXPAPAVVR@@HHPAD@Z 00401710 f   test.obj
 0001:000007b0       ??0DICOMDataObject@@QAE@XZ 004017b0 f i test.obj
 0001:000007d0       ?CMoveClient@@YAHPAE0HQAPAD@Z 004017d0 f   test.obj
 0001:00000fe0       ?DICOMParseProc@@YAHPAVDICOMDataObject@@@Z 00401fe0 f   test.obj
 0001:00001000       ?CStoreServer@@YAHXZ       00402000 f   test.obj
 0001:000013f0       ?CMEchoStoreServerProc@@YAHH@Z 004023f0 f   test.obj
 0001:00001920       ?CMEchoStoreServer@@YAHXZ  00402920 f   test.obj
 0001:000019a0       ?CEchoStoreServer@@YAHXZ   004029a0 f   test.obj
 0001:00001ee0       ?GetUID@RunTimeClassStorage@@UAEHAAVUID@@@Z 00402ee0 f   test.obj
 0001:00001f20       ?SetUID@RunTimeClassStorage@@QAEHAAVUID@@@Z 00402f20 f   test.obj
 0001:00001f60       ?FixImage@@YAHPAVDICOMDataObject@@@Z 00402f60 f   test.obj
 0001:000023a0       ?ForwardProcMain@@YAHPAUForwardData@@@Z 004033a0 f   test.obj
 0001:000023d0       ?PrintOptions@@YAHXZ       004033d0 f   test.obj
 0001:000023f0       ??4PresentationContext@@QAEAAV0@AAV0@@Z 004033f0 f i test.obj
 0001:00002460       ?Dump@@YAXAAVAAssociateRQ@@@Z 00403460 f   test.obj
 0001:000027f0       ??4PresentationContextAccept@@QAEAAV0@AAV0@@Z 004037f0 f i test.obj
 0001:00002840       ?DumpDDO@@YAHPAVDICOMDataObject@@I@Z 00403840 f   test.obj
 0001:00002960       ?DumpDDOFile@@YAHPAD@Z     00403960 f   test.obj
 0001:00002a30       ?CEchoServer@@YAHXZ        00403a30 f   test.obj
 0001:00002c40       ?CFindClient@@YAHPAE0HQAPAD@Z 00403c40 f   test.obj
 0001:00003320       ??1RunTimeClassStorage@@UAE@XZ 00404320 f i test.obj
 0001:00003350       ?CheckObject@StandardStorage@@UAEGPAVDICOMDataObject@@PAVPDU_Service@@@Z 00404350 f i test.obj
 0001:00003360       ?IARQ@@YAXAAVAAssociateRQ@@@Z 00404360 f   test.obj
 0001:000035f0       ?Dump@@YAXAAVAAssociateAC@@@Z 004045f0 f   test.obj
 0001:00003860       ?CEchoClient@@YAHPAE0PAD1@Z 00404860 f   test.obj
 0001:00003cf0       ?uGetUID@RunTimeClassStorage@@UAEHAAVUID@@@Z 00404cf0 f i test.obj
 0001:00003d00       ?GetUID@RunTimeClassStorage@@W3AEHAAVUID@@@Z 00404d00 f i test.obj
 0001:00003d10       ??_ERunTimeClassStorage@@W3AEPAXI@Z 00404d10 f i test.obj
 0001:00003d20       ??_GRunTimeClassStorage@@UAEPAXI@Z 00404d20 f i test.obj
 0001:00003d20       ??_ERunTimeClassStorage@@UAEPAXI@Z 00404d20 f i test.obj
 0001:00003d50       ?CForwarder@@YAHPAE00HHHH@Z 00404d50 f   test.obj
 0001:00004cb0       ?cstoreclient@@YAXPAD00@Z  00405cb0 f   test.obj
 0001:00004ef0       ?ForwardProc@@YAHPAUForwardData@@@Z 00405ef0 f   test.obj
 0001:00004f30       ?CForwarderMain@@YAHPAE00HH@Z 00405f30 f   test.obj
 0001:00005080       _main                      00406080 f   test.obj
 0001:00005790       ??0Socket@@QAE@XZ          00406790 f   dicom:cong.obj
 0001:000057e0       ??1Socket@@UAE@XZ          004067e0 f   dicom:cong.obj
 0001:00005840       ?Gethostbyname@Socket@@QAEPAUhostent@@PAD@Z 00406840 f   dicom:cong.obj
 0001:000058f0       ?Getservbyname@Socket@@QAEPAUservent@@PBDPAD@Z 004068f0 f   dicom:cong.obj
 0001:00005950       ?Open@Socket@@UAEHPAD0@Z   00406950 f   dicom:cong.obj
 0001:00005a60       ?Close@Socket@@QAEHXZ      00406a60 f   dicom:cong.obj
 0001:00005aa0       ?Poll@Socket@@UAEHXZ       00406aa0 f   dicom:cong.obj
 0001:00005b00       ?SendBinary@Socket@@UAEHPAEI@Z 00406b00 f   dicom:cong.obj
 0001:00005b30       ?ReadBinary@Socket@@UAEHPAEI@Z 00406b30 f   dicom:cong.obj
 0001:00005bc0       ?DicomError@@YAHHPBDH@Z    00406bc0 f   dicom:cong.obj
 0001:00005c10       ??0VR@@QAE@GGIH@Z          00406c10 f   dicom:cong.obj
 0001:00005ca0       ??0VR@@QAE@GGIPAXH@Z       00406ca0 f   dicom:cong.obj
 0001:00005ca0       ??0VR@@QAE@GGIPAGH@Z       00406ca0 f   dicom:cong.obj
 0001:00005ce0       ??MVR@@QAEIAAV0@@Z         00406ce0 f   dicom:cong.obj
 0001:00005d10       ?GroupLength@VRGroupPQueue@@QAEPAVVR@@XZ 00406d10 f   dicom:cong.obj
 0001:00005da0       ?GetVR@DICOMObject@@QAEPAVVR@@GG@Z 00406da0 f   dicom:cong.obj
 0001:00005df0       ?GetUINT16@DICOMObject@@QAEGGG@Z 00406df0 f   dicom:cong.obj
 0001:00005e50       ??4ImplementationClass@@QAEAAV0@AAV0@@Z 00406e50 f i dicom:cong.obj
 0001:00005e50       ??4ImplementationVersion@@QAEAAV0@AAV0@@Z 00406e50 f i dicom:cong.obj
 0001:00005e50       ??4TransferSyntax@@QAEAAV0@AAV0@@Z 00406e50 f i test.obj
 0001:00005eb0       ??4SCPSCURoleSelect@@QAEAAV0@AAV0@@Z 00406eb0 f i dicom:cong.obj
 0001:00005f20       ??1PresentationContextAccept@@QAE@XZ 00406f20 f   dicom:cong.obj
 0001:00005f30       ?ReadBinary@MemoryBuffer@@UAEHPAEI@Z 00406f30 f   dicom:cong.obj
 0001:00005f90       ?SendBinary@MemoryBuffer@@UAEHPAEI@Z 00406f90 f   dicom:cong.obj
 0001:00005fa0       ?CanYouHandleTransferSyntax@PDU_Service@@UAEHAAVTransferSyntax@@@Z 00406fa0 f   dicom:cong.obj
 0001:00005fd0       ?SetApplicationContext@PDU_Service@@UAEHAAVUID@@@Z 00406fd0 f   dicom:cong.obj
 0001:00006020       ?GetLocalAddress@PDU_Service@@UAEHPAE@Z 00407020 f   dicom:cong.obj
 0001:00006060       ?GetRemoteAddress@PDU_Service@@UAEHPAE@Z 00407060 f   dicom:cong.obj
 0001:000060a0       ?ImplicitLittleEndian_ParseRawVRIntoDCM@PDU_Service@@MAEHAAVLinkedBuffer@@PAVDICOMObject@@@Z 004070a0 f   dicom:cong.obj
 0001:000060c0       ?ImplicitLittleEndian_ParseDCMIntoRawVR@PDU_Service@@MAEHPAVDICOMObject@@AAVLinkedBuffer@@@Z 004070c0 f   dicom:cong.obj
 0001:000060e0       ?ExplicitLittleEndian_ParseRawVRIntoDCM@PDU_Service@@MAEHAAVLinkedBuffer@@PAVDICOMObject@@@Z 004070e0 f   dicom:cong.obj
 0001:00006100       ?ExplicitLittleEndian_ParseDCMIntoRawVR@PDU_Service@@MAEHPAVDICOMObject@@AAVLinkedBuffer@@@Z 00407100 f   dicom:cong.obj
 0001:00006120       ?ExplicitBigEndian_ParseRawVRIntoDCM@PDU_Service@@MAEHAAVLinkedBuffer@@PAVDICOMObject@@@Z 00407120 f   dicom:cong.obj
 0001:00006140       ?ExplicitBigEndian_ParseDCMIntoRawVR@PDU_Service@@MAEHPAVDICOMObject@@AAVLinkedBuffer@@@Z 00407140 f   dicom:cong.obj
 0001:00006160       ?SwapBigEndianData@@YAXPAVVR@@@Z 00407160 f   dicom:cong.obj
 0001:00006250       ?ZeroMem@@YAHPAEI@Z        00407250 f   dicom:cong.obj
 0001:00006270       ?SetUID@@YAHAAVUID@@PAVVR@@@Z 00407270 f   dicom:cong.obj
 0001:00006300       ?SendBinary@FileBuffer@@UAEHPAEI@Z 00407300 f   dicom:cong.obj
 0001:00006320       ?ReadBinary@FileBuffer@@UAEHPAEI@Z 00407320 f   dicom:cong.obj
 0001:000063f0       ??0?$Array@PAVDICOMObject@@@@QAE@XZ 004073f0 f i dicom:cong.obj
 0001:00006410       ??1?$Array@PAVBufferSpace@@@@UAE@XZ 00407410 f i dicom:cong.obj
 0001:00006490       ?RemoveAt@?$Array@PAVVRGroupPQueue@@@@QAEHI@Z 00407490 f i dicom:cong.obj
 0001:00006490       ?RemoveAt@?$Array@PAVVR@@@@QAEHI@Z 00407490 f i dicom:cong.obj
 0001:00006510       ??1?$Array@PAVVR@@@@UAE@XZ 00407510 f i dicom:cong.obj
 0001:00006590       ?Pop@?$PQueueOfPtr@PAVVR@@@@QAEAAPAVVR@@XZ 00407590 f i dicom:cong.obj
 0001:00006840       ??1?$Array@PAVVRGroupPQueue@@@@UAE@XZ 00407840 f i dicom:cong.obj
 0001:000068c0       ?Pop@?$PQueueOfPtr@PAVVRGroupPQueue@@@@QAEAAPAVVRGroupPQueue@@XZ 004078c0 f i dicom:cong.obj
 0001:00006b70       ?Get@?$Array@PAVVRGroupPQueue@@@@QAEAAPAVVRGroupPQueue@@I@Z 00407b70 f i dicom:cong.obj
 0001:00006b70       ?Get@?$Array@PAVDICOMObject@@@@QAEAAPAVDICOMObject@@I@Z 00407b70 f i dicom:cong.obj
 0001:00006b70       ?Get@?$Array@PAVVR@@@@QAEAAPAVVR@@I@Z 00407b70 f i dicom:cong.obj
 0001:00006bc0       ??1?$Array@PAVDICOMObject@@@@UAE@XZ 00407bc0 f i dicom:cong.obj
 0001:00006c40       ??0?$FixedArray@IU_RTCElement@@@@QAE@IH@Z 00407c40 f i dicom:cong.obj
 0001:00006ca0       ?Add@?$FixedArray@IU_RTCElement@@@@QAEAAU_RTCElement@@AAIAAU2@@Z 00407ca0 f i dicom:cong.obj
 0001:00006d00       ?IndexOf@?$FixedArray@IU_RTCElement@@@@QAEHAAI@Z 00407d00 f i dicom:cong.obj
 0001:00006db0       ?RemoveAt@?$Array@U_RTCElement@@@@QAEHI@Z 00407db0 f i dicom:cong.obj
 0001:00006e30       ??1?$Array@U_RTCElement@@@@UAE@XZ 00407e30 f i dicom:cong.obj
 0001:00006eb0       ?Get@?$Array@V?$FixedArrayElement@IU_RTCElement@@@@@@QAEAAV?$FixedArrayElement@IU_RTCElement@@@@I@Z 00407eb0 f i dicom:cong.obj
 0001:00006f00       ?RemoveAt@?$Array@V?$FixedArrayElement@IU_RTCElement@@@@@@QAEHI@Z 00407f00 f i dicom:cong.obj
 0001:00006f80       ??0BufferSpace@@QAE@I@Z    00407f80 f   dicom:cong.obj
 0001:00006fd0       ??1Buffer@@UAE@XZ          00407fd0 f   dicom:cong.obj
 0001:00007180       ?Flush@Buffer@@QAEHXZ      00408180 f   dicom:cong.obj
 0001:000072a0       ?Flush@Buffer@@QAEHI@Z     004082a0 f   dicom:cong.obj
 0001:000074c0       ??_GSocket@@UAEPAXI@Z      004084c0 f i dicom:cong.obj
 0001:000074c0       ??_ESocket@@UAEPAXI@Z      004084c0 f i dicom:cong.obj
 0001:000074e0       ?Listen@Socket@@QAEHPAD@Z  004084e0 f   dicom:cong.obj
 0001:00007600       ?Accept@Socket@@QAEHXZ     00408600 f   dicom:cong.obj
 0001:00007670       ??1VR@@QAE@XZ              00408670 f   dicom:cong.obj
 0001:00007730       ?Pop@VRGroupPQueue@@QAEPAVVR@@XZ 00408730 f   dicom:cong.obj
 0001:00007770       ?Reset@DICOMObject@@UAEHXZ 00408770 f   dicom:cong.obj
 0001:000077c0       ?Reset@VR@@QAEHXZ          004087c0 f   dicom:cong.obj
 0001:00007890       ?ReAlloc@VR@@QAEHI@Z       00408890 f   dicom:cong.obj
 0001:00007910       ?Size@PresentationContext@@QAEIXZ 00408910 f   dicom:cong.obj
 0001:00007990       ??0UserInformation@@QAE@XZ 00408990 f   dicom:cong.obj
 0001:00007a40       ??4UserInformation@@QAEAAV0@AAV0@@Z 00408a40 f i dicom:cong.obj
 0001:00007aa0       ??0PresentationContextAccept@@QAE@XZ 00408aa0 f   dicom:cong.obj
 0001:00007b00       ?SetCalledApTitle@AAssociateAC@@QAEXPAE@Z 00408b00 f   dicom:cong.obj
 0001:00007b00       ?SetCalledApTitle@AAssociateRQ@@QAEXPAE@Z 00408b00 f   dicom:cong.obj
 0001:00007b80       ?SetCallingApTitle@AAssociateAC@@QAEXPAE@Z 00408b80 f   dicom:cong.obj
 0001:00007b80       ?SetCallingApTitle@AAssociateRQ@@QAEXPAE@Z 00408b80 f   dicom:cong.obj
 0001:00007c00       ??_GAAssociateRJ@@UAEPAXI@Z 00408c00 f i dicom:cong.obj
 0001:00007c00       ??_EAAssociateRJ@@UAEPAXI@Z 00408c00 f i dicom:cong.obj
 0001:00007c20       ??_EAReleaseRQ@@UAEPAXI@Z  00408c20 f i dicom:cong.obj
 0001:00007c20       ??_GAReleaseRQ@@UAEPAXI@Z  00408c20 f i dicom:cong.obj
 0001:00007c40       ??_GAReleaseRP@@UAEPAXI@Z  00408c40 f i dicom:cong.obj
 0001:00007c40       ??_EAReleaseRP@@UAEPAXI@Z  00408c40 f i dicom:cong.obj
 0001:00007c60       ??_GAAbortRQ@@UAEPAXI@Z    00408c60 f i dicom:cong.obj
 0001:00007c60       ??_EAAbortRQ@@UAEPAXI@Z    00408c60 f i dicom:cong.obj
 0001:00007c80       ?GetAcceptedPCIDForTransferSyntax@PDU_Service@@QAEEAAVUID@@@Z 00408c80 f   dicom:cong.obj
 0001:00007e80       ?GetTransferSyntaxUID@PDU_Service@@QAEHEAAVUID@@@Z 00408e80 f   dicom:cong.obj
 0001:00007fb0       ?SetLocalAddress@PDU_Service@@UAEHPAE@Z 00408fb0 f   dicom:cong.obj
 0001:00007fd0       ?SetRemoteAddress@PDU_Service@@UAEHPAE@Z 00408fd0 f   dicom:cong.obj
 0001:00007ff0       ?GetImplementationClass@PDU_Service@@MAEHAAVImplementationClass@@@Z 00408ff0 f   dicom:cong.obj
 0001:00008010       ?GetImplementationVersion@PDU_Service@@MAEHAAVImplementationVersion@@@Z 00409010 f   dicom:cong.obj
 0001:00008030       ?ParseRawVRIntoDCM@PDU_Service@@MAEHEAAVLinkedBuffer@@PAVDICOMObject@@@Z 00409030 f   dicom:cong.obj
 0001:00008240       ?ParseDCMIntoRawVR@PDU_Service@@MAEEPAVDICOMObject@@AAVLinkedBuffer@@@Z 00409240 f   dicom:cong.obj
 0001:000083a0       ?RunTimeClass@RTC@@QAEGGGPAD@Z 004093a0 f   dicom:cong.obj
 0001:00008430       ?RunTimeClass@RTC@@QAEHPAVVR@@@Z 00409430 f   dicom:cong.obj
 0001:000084b0       ?AttachBinaryRTC@RTC@@QAEHPAD@Z 004094b0 f   dicom:cong.obj
 0001:00008760       ??_G?$Array@PAVBufferSpace@@@@UAEPAXI@Z 00409760 f i dicom:cong.obj
 0001:00008760       ??_E?$Array@PAVBufferSpace@@@@UAEPAXI@Z 00409760 f i dicom:cong.obj
 0001:00008780       ??_E?$Array@PAVVR@@@@UAEPAXI@Z 00409780 f i dicom:cong.obj
 0001:00008780       ??_EVRGroupPQueue@@UAEPAXI@Z 00409780 f i dicom:cong.obj
 0001:00008780       ??_GVRGroupPQueue@@UAEPAXI@Z 00409780 f i dicom:cong.obj
 0001:00008780       ??_G?$Array@PAVVR@@@@UAEPAXI@Z 00409780 f i dicom:cong.obj
 0001:000087a0       ??_G?$Array@PAVVRGroupPQueue@@@@UAEPAXI@Z 004097a0 f i dicom:cong.obj
 0001:000087a0       ??_E?$Array@PAVVRGroupPQueue@@@@UAEPAXI@Z 004097a0 f i dicom:cong.obj
 0001:000087c0       ??_G?$Array@PAVDICOMObject@@@@UAEPAXI@Z 004097c0 f i dicom:cong.obj
 0001:000087c0       ??_E?$Array@PAVDICOMObject@@@@UAEPAXI@Z 004097c0 f i dicom:cong.obj
 0001:000087e0       ??_G?$Array@U_RTCElement@@@@UAEPAXI@Z 004097e0 f i dicom:cong.obj
 0001:000087e0       ??_E?$Array@U_RTCElement@@@@UAEPAXI@Z 004097e0 f i dicom:cong.obj
 0001:00008800       ?Add@?$Array@PAVVRGroupPQueue@@@@QAEAAPAVVRGroupPQueue@@AAPAV2@@Z 00409800 f i dicom:cong.obj
 0001:00008800       ?Add@?$Array@PAVDICOMObject@@@@QAEAAPAVDICOMObject@@AAPAV2@@Z 00409800 f i dicom:cong.obj
 0001:00008800       ?Add@?$Array@PAVVR@@@@QAEAAPAVVR@@AAPAV2@@Z 00409800 f i dicom:cong.obj
 0001:00008800       ?Add@?$Array@PAVBufferSpace@@@@QAEAAPAVBufferSpace@@AAPAV2@@Z 00409800 f i dicom:cong.obj
 0001:00008860       ?Push@?$PQueueOfPtr@PAVVRGroupPQueue@@@@QAEAAPAVVRGroupPQueue@@AAPAV2@@Z 00409860 f i dicom:cong.obj
 0001:00008a30       ?Add@?$Array@U_RTCElement@@@@QAEAAU_RTCElement@@AAU2@@Z 00409a30 f i dicom:cong.obj
 0001:00008aa0       ??1?$Array@V?$FixedArrayElement@IU_RTCElement@@@@@@UAE@XZ 00409aa0 f i dicom:cong.obj
 0001:00008b20       ?Pop@?$PQueue@V?$FixedArrayElement@IU_RTCElement@@@@@@QAEAAV?$FixedArrayElement@IU_RTCElement@@@@XZ 00409b20 f i dicom:cong.obj
 0001:00008df0       ?Add@?$Array@V?$FixedArrayElement@IU_RTCElement@@@@@@QAEAAV?$FixedArrayElement@IU_RTCElement@@@@AAV2@@Z 00409df0 f i dicom:cong.obj
 0001:00008e60       ??0VRGroupPQueue@@QAE@G@Z  00409e60 f i dicom:cong.obj
 0001:00008e90       ??_EBuffer@@UAEPAXI@Z      00409e90 f i dicom:cong.obj
 0001:00008e90       ??_GBuffer@@UAEPAXI@Z      00409e90 f i dicom:cong.obj
 0001:00008eb0       ?Write@Buffer@@QAEHPAEI@Z  00409eb0 f   dicom:cong.obj
 0001:000090e0       ?ReadBlock@Buffer@@QAEHXZ  0040a0e0 f   dicom:cong.obj
 0001:000091b0       ??0DICOMObject@@QAE@XZ     0040a1b0 f   dicom:cong.obj
 0001:00009210       ?Push@DICOMObject@@UAEHPAV1@@Z 0040a210 f   dicom:cong.obj
 0001:00009290       ?ChangeVR@DICOMObject@@QAEHGGPBDGH@Z 0040a290 f   dicom:cong.obj
 0001:00009370       ?Package@DICOMObject@@AAEHXZ 0040a370 f   dicom:cong.obj
 0001:00009450       ?Size@AAssociateRQ@@QAEIXZ 0040a450 f   dicom:cong.obj
 0001:00009530       ?Size@AAssociateAC@@QAEIXZ 0040a530 f   dicom:cong.obj
 0001:00009640       ??0MemoryBuffer@@QAE@PAEIHI@Z 0040a640 f   dicom:cong.obj
 0001:00009700       ??1MemoryBuffer@@UAE@XZ    0040a700 f   dicom:cong.obj
 0001:00009740       ?SendBinary@LinkedBuffer@@UAEHPAEI@Z 0040a740 f   dicom:cong.obj
 0001:00009770       ??0PDataTF@@QAE@XZ         0040a770 f   dicom:cong.obj
 0001:000097e0       ?DetachRTC@RTC@@QAEHXZ     0040a7e0 f   dicom:cong.obj
 0001:00009870       ?Push@?$PQueueOfPtr@PAVVR@@@@QAEAAPAVVR@@AAPAV2@@Z 0040a870 f i dicom:cong.obj
 0001:00009a70       ?Add@?$Array@VTransferSyntax@@@@QAEAAVTransferSyntax@@AAV2@@Z 0040aa70 f i dicom:cong.obj
 0001:00009b00       ?Add@?$Array@VPresentationContextAccept@@@@QAEAAVPresentationContextAccept@@AAV2@@Z 0040ab00 f i dicom:cong.obj
 0001:00009b70       ?RemoveAt@?$Array@VPresentationContextAccept@@@@QAEHI@Z 0040ab70 f i dicom:cong.obj
 0001:00009bf0       ??1?$Array@VPresentationContextAccept@@@@UAE@XZ 0040abf0 f i dicom:cong.obj
 0001:00009c70       ?Add@?$Array@VAbstractSyntax@@@@QAEAAVAbstractSyntax@@AAV2@@Z 0040ac70 f i dicom:cong.obj
 0001:00009cf0       ??1?$Array@VAbstractSyntax@@@@UAE@XZ 0040acf0 f i dicom:cong.obj
 0001:00009d70       ??_E?$Array@V?$FixedArrayElement@IU_RTCElement@@@@@@UAEPAXI@Z 0040ad70 f i dicom:cong.obj
 0001:00009d70       ??_E?$PQueue@V?$FixedArrayElement@IU_RTCElement@@@@@@UAEPAXI@Z 0040ad70 f i dicom:cong.obj
 0001:00009d70       ??_G?$Array@V?$FixedArrayElement@IU_RTCElement@@@@@@UAEPAXI@Z 0040ad70 f i dicom:cong.obj
 0001:00009d70       ??_G?$PQueue@V?$FixedArrayElement@IU_RTCElement@@@@@@UAEPAXI@Z 0040ad70 f i dicom:cong.obj
 0001:00009d90       ?Push@?$PQueue@V?$FixedArrayElement@IU_RTCElement@@@@@@QAEAAV?$FixedArrayElement@IU_RTCElement@@@@AAV2@@Z 0040ad90 f i dicom:cong.obj
 0001:00009fa0       ??_GLinkedBuffer@@UAEPAXI@Z 0040afa0 f i dicom:cong.obj
 0001:00009fa0       ??_EFileBuffer@@UAEPAXI@Z  0040afa0 f i dicom:cong.obj
 0001:00009fa0       ??_ELinkedBuffer@@UAEPAXI@Z 0040afa0 f i dicom:cong.obj
 0001:00009fa0       ??_GFileBuffer@@UAEPAXI@Z  0040afa0 f i dicom:cong.obj
 0001:00009fd0       ??6Buffer@@QAEAAV0@AAG@Z   0040afd0 f   dicom:cong.obj
 0001:0000a040       ??6Buffer@@QAEAAV0@AAI@Z   0040b040 f   dicom:cong.obj
 0001:0000a0a0       ?Read@Buffer@@QAEHPAEI@Z   0040b0a0 f   dicom:cong.obj
 0001:0000a240       ?Push@VRGroupPQueue@@QAEHPAVVR@@@Z 0040b240 f   dicom:cong.obj
 0001:0000a280       ?Push@DICOMObject@@UAEHPAVVR@@@Z 0040b280 f   dicom:cong.obj
 0001:0000a3f0       ?Pop@DICOMObject@@UAEPAVVR@@XZ 0040b3f0 f   dicom:cong.obj
 0001:0000a490       ?Write@ImplementationVersion@@QAEHAAVBuffer@@@Z 0040b490 f   dicom:cong.obj
 0001:0000a490       ?Write@ApplicationContext@@QAEHAAVBuffer@@@Z 0040b490 f   dicom:cong.obj
 0001:0000a490       ?Write@ImplementationClass@@QAEHAAVBuffer@@@Z 0040b490 f   dicom:cong.obj
 0001:0000a490       ?Write@AbstractSyntax@@QAEHAAVBuffer@@@Z 0040b490 f   dicom:cong.obj
 0001:0000a490       ?Write@TransferSyntax@@QAEHAAVBuffer@@@Z 0040b490 f   dicom:cong.obj
 0001:0000a4f0       ?Write@PresentationContext@@QAEHAAVBuffer@@@Z 0040b4f0 f   dicom:cong.obj
 0001:0000a680       ?Write@UserInformation@@QAEHAAVBuffer@@@Z 0040b680 f   dicom:cong.obj
 0001:0000a720       ?Write@AAssociateRQ@@QAEHAAVBuffer@@@Z 0040b720 f   dicom:cong.obj
 0001:0000a830       ?Write@PresentationContextAccept@@QAEHAAVBuffer@@@Z 0040b830 f   dicom:cong.obj
 0001:0000a8b0       ??0AAssociateAC@@QAE@XZ    0040b8b0 f   dicom:cong.obj
 0001:0000a9a0       ?Write@AAssociateAC@@QAEHAAVBuffer@@@Z 0040b9a0 f   dicom:cong.obj
 0001:0000aab0       ?Write@AAbortRQ@@QAEHAAVBuffer@@@Z 0040bab0 f   dicom:cong.obj
 0001:0000aab0       ?Write@AAssociateRJ@@QAEHAAVBuffer@@@Z 0040bab0 f   dicom:cong.obj
 0001:0000ab60       ?Write@AReleaseRQ@@QAEHAAVBuffer@@@Z 0040bb60 f   dicom:cong.obj
 0001:0000ab60       ?Write@AReleaseRP@@QAEHAAVBuffer@@@Z 0040bb60 f   dicom:cong.obj
 0001:0000abc0       ??_EMemoryBuffer@@UAEPAXI@Z 0040bbc0 f i dicom:cong.obj
 0001:0000abc0       ??_GMemoryBuffer@@UAEPAXI@Z 0040bbc0 f i dicom:cong.obj
 0001:0000ac10       ?ReadBinary@LinkedBuffer@@UAEHPAEI@Z 0040bc10 f   dicom:cong.obj
 0001:0000ac40       ?Write@PDataTF@@QAEHAAVBuffer@@@Z 0040bc40 f   dicom:cong.obj
 0001:0000add0       ??_EPDataTF@@UAEPAXI@Z     0040bdd0 f i dicom:cong.obj
 0001:0000add0       ??_GPDataTF@@UAEPAXI@Z     0040bdd0 f i dicom:cong.obj
 0001:0000ae10       ?InterogateAAssociateAC@PDU_Service@@IAEHXZ 0040be10 f   dicom:cong.obj
 0001:0000b0f0       ?ClearAbstractSyntaxs@PDU_Service@@QAEHXZ 0040c0f0 f   dicom:cong.obj
 0001:0000b180       ?AddAbstractSyntax@PDU_Service@@UAEHAAVUID@@@Z 0040c180 f   dicom:cong.obj
 0001:0000b2d0       ?AddTransferSyntaxs@PDU_Service@@MAEHAAVPresentationContext@@@Z 0040c2d0 f   dicom:cong.obj
 0001:0000b3a0       ?ParseImagePixelDataDCMToRaw@PDU_Service@@MAEHPAV?$Array@PAVDICOMDataObject@@@@AAVLinkedBuffer@@@Z 0040c3a0 f   dicom:cong.obj
 0001:0000b560       ?Implicit_ParseDCMIntoRawVR@PDU_Service@@MAEHPAVDICOMObject@@AAVLinkedBuffer@@@Z 0040c560 f   dicom:cong.obj
 0001:0000bb70       ?Explicit_ParseDCMIntoRawVR@PDU_Service@@MAEHPAVDICOMObject@@AAVLinkedBuffer@@@Z 0040cb70 f   dicom:cong.obj
 0001:0000c2c0       ?Dynamic_ParseDCMIntoRawVR@PDU_Service@@MAEHPAVDICOMObject@@AAVLinkedBuffer@@I@Z 0040d2c0 f   dicom:cong.obj
 0001:0000cbd0       ??1RTC@@QAE@XZ             0040dbd0 f   dicom:cong.obj
 0001:0000cbe0       ??_E?$Array@VPresentationContextAccept@@@@UAEPAXI@Z 0040dbe0 f i dicom:cong.obj
 0001:0000cbe0       ??_G?$Array@VPresentationContextAccept@@@@UAEPAXI@Z 0040dbe0 f i dicom:cong.obj
 0001:0000cc00       ??_G?$Array@VAbstractSyntax@@@@UAEPAXI@Z 0040dc00 f i dicom:cong.obj
 0001:0000cc00       ??_E?$Array@VAbstractSyntax@@@@UAEPAXI@Z 0040dc00 f i dicom:cong.obj
 0001:0000cc20       ??1?$Array@VTransferSyntax@@@@UAE@XZ 0040dc20 f i dicom:cong.obj
 0001:0000cca0       ?Sort@?$FixedArray@IU_RTCElement@@@@QAEHXZ 0040dca0 f i dicom:cong.obj
 0001:0000cd90       ??5Buffer@@QAEAAV0@AAG@Z   0040dd90 f   dicom:cong.obj
 0001:0000cdf0       ??5Buffer@@QAEAAV0@AAI@Z   0040ddf0 f   dicom:cong.obj
 0001:0000ce60       ?Kill@Buffer@@QAEHI@Z      0040de60 f   dicom:cong.obj
 0001:0000ced0       ??1DICOMObject@@UAE@XZ     0040ded0 f   dicom:cong.obj
 0001:0000cfc0       ?ReadDynamic@AbstractSyntax@@QAEHAAVBuffer@@@Z 0040dfc0 f   dicom:cong.obj
 0001:0000cfc0       ?ReadDynamic@ImplementationVersion@@QAEHAAVBuffer@@@Z 0040dfc0 f   dicom:cong.obj
 0001:0000cfc0       ?ReadDynamic@ImplementationClass@@QAEHAAVBuffer@@@Z 0040dfc0 f   dicom:cong.obj
 0001:0000cfc0       ?ReadDynamic@ApplicationContext@@QAEHAAVBuffer@@@Z 0040dfc0 f   dicom:cong.obj
 0001:0000d030       ?ReadDynamic@TransferSyntax@@QAEHAAVBuffer@@@Z 0040e030 f   dicom:cong.obj
 0001:0000d0a0       ??0PresentationContext@@QAE@XZ 0040e0a0 f   dicom:cong.obj
 0001:0000d110       ??1PresentationContext@@QAE@XZ 0040e110 f   dicom:cong.obj
 0001:0000d120       ?ReadDynamic@SCPSCURoleSelect@@QAEHAAVBuffer@@@Z 0040e120 f   dicom:cong.obj
 0001:0000d1c0       ?ReadDynamic@UserInformation@@QAEHAAVBuffer@@@Z 0040e1c0 f   dicom:cong.obj
 0001:0000d370       ??_GAAssociateAC@@UAEPAXI@Z 0040e370 f i dicom:cong.obj
 0001:0000d370       ??_EAAssociateAC@@UAEPAXI@Z 0040e370 f i dicom:cong.obj
 0001:0000d3a0       ?ReadDynamic@AAssociateRJ@@QAEHAAVBuffer@@@Z 0040e3a0 f   dicom:cong.obj
 0001:0000d420       ?ReadDynamic@AReleaseRQ@@QAEHAAVBuffer@@@Z 0040e420 f   dicom:cong.obj
 0001:0000d460       ?ReadDynamic@PDataTF@@QAEHAAVBuffer@@@Z 0040e460 f   dicom:cong.obj
 0001:0000d640       ?Implicit_ParseRawVRIntoDCM@PDU_Service@@MAEHAAVLinkedBuffer@@PAVDICOMObject@@H@Z 0040e640 f   dicom:cong.obj
 0001:0000dd00       ?Explicit_ParseRawVRIntoDCM@PDU_Service@@MAEHAAVLinkedBuffer@@PAVDICOMObject@@@Z 0040ed00 f   dicom:cong.obj
 0001:0000e670       ?LoadDICOMDataObject@PDU_Service@@QAEPAVDICOMDataObject@@PAD@Z 0040f670 f   dicom:cong.obj
 0001:0000e850       ?MakeChapter10@PDU_Service@@UAEHPAVDICOMDataObject@@PBD@Z 0040f850 f   dicom:cong.obj
 0001:0000ed00       ?AttachRTC@RTC@@QAEHPAD@Z  0040fd00 f   dicom:cong.obj
 0001:0000f5f0       ??_E?$Array@VTransferSyntax@@@@UAEPAXI@Z 004105f0 f i dicom:cong.obj
 0001:0000f5f0       ??_G?$Array@VTransferSyntax@@@@UAEPAXI@Z 004105f0 f i dicom:cong.obj
 0001:0000f610       ??_EDICOMObject@@UAEPAXI@Z 00410610 f i dicom:cong.obj
 0001:0000f610       ??_EDICOMCommandObject@@UAEPAXI@Z 00410610 f i test.obj
 0001:0000f610       ??_GDICOMObject@@UAEPAXI@Z 00410610 f i dicom:cong.obj
 0001:0000f610       ??_EDICOMDataObject@@UAEPAXI@Z 00410610 f i test.obj
 0001:0000f610       ??_GDICOMDataObject@@UAEPAXI@Z 00410610 f i test.obj
 0001:0000f610       ??_GDICOMCommandObject@@UAEPAXI@Z 00410610 f i test.obj
 0001:0000f630       ?ReadDynamic@PresentationContext@@QAEHAAVBuffer@@@Z 00410630 f   dicom:cong.obj
 0001:0000f7f0       ?ReadDynamic@PresentationContextAccept@@QAEHAAVBuffer@@@Z 004107f0 f   dicom:cong.obj
 0001:0000f8a0       ?ReadDynamic@AAssociateAC@@QAEHAAVBuffer@@@Z 004108a0 f   dicom:cong.obj
 0001:0000fb40       ?AttachRTC@PDU_Service@@QAEHPAVRTC@@H@Z 00410b40 f   dicom:cong.obj
 0001:0000fb90       ?Close@PDU_Service@@QAEHXZ 00410b90 f   dicom:cong.obj
 0001:0000fc40       ?ParseImagePixelDataRawToDCM@PDU_Service@@MAEHAAVLinkedBuffer@@PAVDICOMObject@@@Z 00410c40 f   dicom:cong.obj
 0001:0000ffb0       ?Dynamic_ParseRawVRIntoDCM@PDU_Service@@MAEHAAVLinkedBuffer@@PAVDICOMObject@@I@Z 00410fb0 f   dicom:cong.obj
 0001:00010b70       ??0RTC@@QAE@HPAD@Z         00411b70 f   dicom:cong.obj
 0001:00010ba0       ?Add@?$Array@VPresentationContext@@@@QAEAAVPresentationContext@@AAV2@@Z 00411ba0 f i dicom:cong.obj
 0001:00010c10       ?AddPresentationContext@AAssociateRQ@@QAEXAAVPresentationContext@@@Z 00411c10 f   dicom:cong.obj
 0001:00010c80       ?ReadDynamic@AAssociateRQ@@QAEHAAVBuffer@@@Z 00411c80 f   dicom:cong.obj
 0001:00010e10       ?Read@AAssociateAC@@QAEHAAVBuffer@@@Z 00411e10 f   dicom:cong.obj
 0001:00010e40       ??1?$Array@VPresentationContext@@@@UAE@XZ 00411e40 f i dicom:cong.obj
 0001:00010ed0       ??0AAssociateRQ@@QAE@XZ    00411ed0 f   dicom:cong.obj
 0001:00010fc0       ??1AAssociateRQ@@UAE@XZ    00411fc0 f   dicom:cong.obj
 0001:000110c0       ?ClearPresentationContexts@AAssociateRQ@@QAEXXZ 004120c0 f   dicom:cong.obj
 0001:00011160       ?Read@AAssociateRQ@@QAEHAAVBuffer@@@Z 00412160 f   dicom:cong.obj
 0001:00011190       ??0PDU_Service@@QAE@XZ     00412190 f   dicom:cong.obj
 0001:00011390       ?ShouldIAcceptPresentationContext@PDU_Service@@MAEHAAVPresentationContext@@AAVPresentationContextAccept@@@Z 00412390 f i dicom:cong.obj
 0001:000113a0       ?ShouldIAcceptAbstractSyntax@PDU_Service@@MAEHAAVAbstractSyntax@@@Z 004123a0 f i dicom:cong.obj
 0001:000113a0       ?ShouldIAcceptRemoteApTitle@PDU_Service@@MAEHPAE@Z 004123a0 f i dicom:cong.obj
 0001:000113a0       ?ShouldIAcceptApplicationContext@PDU_Service@@MAEHAAVApplicationContext@@@Z 004123a0 f i dicom:cong.obj
 0001:000113a0       ?ShouldIAcceptLocalApTitle@PDU_Service@@MAEHPAE@Z 004123a0 f i dicom:cong.obj
 0001:000113b0       ?ReadBinary@PDU_Service@@UAEHPAEI@Z 004123b0 f i dicom:cong.obj
 0001:000113c0       ?SendBinary@PDU_Service@@UAEHPAEI@Z 004123c0 f i dicom:cong.obj
 0001:000113d0       ??_EPDU_Service@@WEA@AEPAXI@Z 004123d0 f i dicom:cong.obj
 0001:000113e0       ??_EPDU_Service@@WBPE@AEPAXI@Z 004123e0 f i dicom:cong.obj
 0001:000113f0       ??_EPDU_Service@@WDKI@AEPAXI@Z 004123f0 f i dicom:cong.obj
 0001:00011400       ??_EPDU_Service@@WDMI@AEPAXI@Z 00412400 f i dicom:cong.obj
 0001:00011410       ??_EPDU_Service@@WDOI@AEPAXI@Z 00412410 f i dicom:cong.obj
 0001:00011420       ??_EPDU_Service@@WDLI@AEPAXI@Z 00412420 f i dicom:cong.obj
 0001:00011430       ??_EPDU_Service@@WDNI@AEPAXI@Z 00412430 f i dicom:cong.obj
 0001:00011440       ??1PDU_Service@@UAE@XZ     00412440 f   dicom:cong.obj
 0001:000115e0       ?Read@PDU_Service@@QAEHPAVDICOMObject@@@Z 004125e0 f   dicom:cong.obj
 0001:00011940       ?InterogateAAssociateRQ@PDU_Service@@IAEHXZ 00412940 f   dicom:cong.obj
 0001:00011f20       ?Listen@PDU_Service@@QAEHPAE@Z 00412f20 f   dicom:cong.obj
 0001:00012090       ?Multiplex@PDU_Service@@QAEHH@Z 00413090 f   dicom:cong.obj
 0001:000121f0       ?GetPresentationContextID@PDU_Service@@QAEEAAVUID@@@Z 004131f0 f   dicom:cong.obj
 0001:000123d0       ?GetPresentationContextID@PDU_Service@@QAEEAAVUID@@0@Z 004133d0 f   dicom:cong.obj
 0001:000127c0       ?AddAbstractSyntaxAlias@PDU_Service@@UAEHAAVUID@@0@Z 004137c0 f   dicom:cong.obj
 0001:00012af0       ?Connect@PDU_Service@@QAEHPAE0@Z 00413af0 f   dicom:cong.obj
 0001:00012e80       ?ParseDCMIntoRawVR@PDU_Service@@MAEEPAVDICOMObject@@AAVLinkedBuffer@@AAVUID@@H@Z 00413e80 f   dicom:cong.obj
 0001:00013000       ??_G?$Array@VPresentationContext@@@@UAEPAXI@Z 00414000 f i dicom:cong.obj
 0001:00013000       ??_E?$Array@VPresentationContext@@@@UAEPAXI@Z 00414000 f i dicom:cong.obj
 0001:00013020       ??_GAAssociateRQ@@UAEPAXI@Z 00414020 f i dicom:cong.obj
 0001:00013020       ??_EAAssociateRQ@@UAEPAXI@Z 00414020 f i dicom:cong.obj
 0001:00013040       ??_GPDU_Service@@UAEPAXI@Z 00414040 f i dicom:cong.obj
 0001:00013040       ??_EPDU_Service@@UAEPAXI@Z 00414040 f i dicom:cong.obj
 0001:00013060       ?Write@PDU_Service@@QAEHPAVDICOMCommandObject@@AAVUID@@@Z 00414060 f   dicom:cong.obj
 0001:00013130       ?Write@PDU_Service@@QAEHPAVDICOMDataObject@@AAVUID@@@Z 00414130 f   dicom:cong.obj
 0001:00013200       ?Write@CStoreRQ@@QAEHPAVPDU_Service@@PAVDICOMDataObject@@PAVVR@@PAE@Z 00414200 f   dicom:cong.obj
 0001:00013600       ?Write@StandardStorage@@QAEHPAVPDU_Service@@PAVDICOMDataObject@@PAVVR@@PAE@Z 00414600 f   dicom:cong.obj
 0001:000136ec       _WSAStartup@8              004146ec f   wsock32:WSOCK32.dll
 0001:000136f2       _WSACleanup@0              004146f2 f   wsock32:WSOCK32.dll
 0001:000136f8       _closesocket@4             004146f8 f   wsock32:WSOCK32.dll
 0001:000136fe       _shutdown@8                004146fe f   wsock32:WSOCK32.dll
 0001:00013704       _inet_addr@4               00414704 f   wsock32:WSOCK32.dll
 0001:0001370a       _gethostbyname@4           0041470a f   wsock32:WSOCK32.dll
 0001:00013710       _htons@4                   00414710 f   wsock32:WSOCK32.dll
 0001:00013716       _getservbyname@8           00414716 f   wsock32:WSOCK32.dll
 0001:0001371c       _connect@12                0041471c f   wsock32:WSOCK32.dll
 0001:00013722       _setsockopt@20             00414722 f   wsock32:WSOCK32.dll
 0001:00013728       _socket@12                 00414728 f   wsock32:WSOCK32.dll
 0001:0001372e       _select@20                 0041472e f   wsock32:WSOCK32.dll
 0001:00013734       _send@16                   00414734 f   wsock32:WSOCK32.dll
 0001:0001373a       _recv@16                   0041473a f   wsock32:WSOCK32.dll
 0001:00013740       _WSAGetLastError@0         00414740 f   wsock32:WSOCK32.dll
 0001:00013746       _bind@12                   00414746 f   wsock32:WSOCK32.dll
 0001:0001374c       _listen@8                  0041474c f   wsock32:WSOCK32.dll
 0001:00013752       _accept@12                 00414752 f   wsock32:WSOCK32.dll
 0001:00013760       _memset                    00414760 f   LIBCMT:memset.obj
 0001:000137da       ??1type_info@@UAE@XZ       004147da f   LIBCMT:typinfo.obj
 0001:000137e8       ??_Etype_info@@UAEPAXI@Z   004147e8 f i LIBCMT:typinfo.obj
 0001:000137e8       ??_Gtype_info@@UAEPAXI@Z   004147e8 f i LIBCMT:typinfo.obj
 0001:00013804       __purecall                 00414804 f   LIBCMT:purevirt.obj
 0001:0001382e       ??3@YAXPAX@Z               0041482e f   LIBCMT:delete.obj
 0001:00013833       _fprintf                   00414833 f   LIBCMT:fprintf.obj
 0001:00013982       ___iob_func                00414982 f   LIBCMT:_file.obj
 0001:00013988       ___initstdio               00414988 f   LIBCMT:_file.obj
 0001:00013a39       ___endstdio                00414a39 f   LIBCMT:_file.obj
 0001:00013a59       __lock_file                00414a59 f   LIBCMT:_file.obj
 0001:00013a95       __lock_file2               00414a95 f   LIBCMT:_file.obj
 0001:00013ac3       __unlock_file              00414ac3 f   LIBCMT:_file.obj
 0001:00013af9       __unlock_file2             00414af9 f   LIBCMT:_file.obj
 0001:00013b30       _strncpy                   00414b30 f   LIBCMT:strncpy.obj
 0001:00013c54       @__security_check_cookie@4 00414c54 f   LIBCMT:secchk.obj
 0001:00013c63       ??0bad_alloc@std@@QAE@XZ   00414c63 f i LIBCMT:new.obj
 0001:00013c7c       ??1bad_alloc@std@@UAE@XZ   00414c7c f i LIBCMT:new.obj
 0001:00013c87       ??_Gbad_alloc@std@@UAEPAXI@Z 00414c87 f i LIBCMT:new.obj
 0001:00013c87       ??_Ebad_alloc@std@@UAEPAXI@Z 00414c87 f i LIBCMT:new.obj
 0001:00013ca9       ??0bad_alloc@std@@QAE@ABV01@@Z 00414ca9 f i LIBCMT:new.obj
 0001:00013cc1       ??2@YAPAXI@Z               00414cc1 f   LIBCMT:new.obj
 0001:00013d2b       _sprintf                   00414d2b f   LIBCMT:sprintf.obj
 0001:00013db0       _memcpy                    00414db0 f   LIBCMT:memcpy.obj
 0001:00014115       _atol                      00415115 f   LIBCMT:atox.obj
 0001:00014126       _atoi                      00415126 f   LIBCMT:atox.obj
 0001:0001412b       _printf                    0041512b f   LIBCMT:printf.obj
 0001:000141da       __get_printf_count_output  004151da f   LIBCMT:printf.obj
 0001:000141f0       __amsg_exit                004151f0 f   LIBCMT:crt0dat.obj
 0001:00014214       ___crtCorExitProcess       00415214 f   LIBCMT:crt0dat.obj
 0001:0001423a       ___crtExitProcess          0041523a f   LIBCMT:crt0dat.obj
 0001:0001424f       __lockexit                 0041524f f   LIBCMT:crt0dat.obj
 0001:00014258       __unlockexit               00415258 f   LIBCMT:crt0dat.obj
 0001:00014279       __initterm_e               00415279 f   LIBCMT:crt0dat.obj
 0001:00014299       __get_osplatform           00415299 f   LIBCMT:crt0dat.obj
 0001:000142d0       __get_winmajor             004152d0 f   LIBCMT:crt0dat.obj
 0001:0001430c       __cinit                    0041530c f   LIBCMT:crt0dat.obj
 0001:00014480       _exit                      00415480 f   LIBCMT:crt0dat.obj
 0001:00014491       __exit                     00415491 f   LIBCMT:crt0dat.obj
 0001:000144a2       __cexit                    004154a2 f   LIBCMT:crt0dat.obj
 0001:000144b1       __c_exit                   004154b1 f   LIBCMT:crt0dat.obj
 0001:000144c0       __init_pointers            004154c0 f   LIBCMT:crt0dat.obj
 0001:000145c5       ___onexitinit              004155c5 f   LIBCMT:onexit.obj
 0001:000145f4       __onexit                   004155f4 f   LIBCMT:onexit.obj
 0001:00014630       _atexit                    00415630 f   LIBCMT:onexit.obj
 0001:0001485d       _mainCRTStartup            0041585d f   LIBCMT:crt0.obj
 0001:00014880       _strchr                    00415880 f   LIBCMT:strchr.obj
 0001:00014886       ___from_strstr_to_strchr   00415886     LIBCMT:strchr.obj
 0001:00014940       _strstr                    00415940 f   LIBCMT:strstr.obj
 0001:000149c6       _V6_HeapAlloc              004159c6 f   LIBCMT:malloc.obj
 0001:00014a15       _malloc                    00415a15 f   LIBCMT:malloc.obj
 0001:00014ae0       __allmul                   00415ae0 f   LIBCMT:llmul.obj
 0001:00014b14       _strncmp                   00415b14 f   LIBCMT:strncmp.obj
 0001:00014bd2       __fsopen                   00415bd2 f   LIBCMT:fopen.obj
 0001:00014c96       _fopen                     00415c96 f   LIBCMT:fopen.obj
 0001:00014ca9       __fclose_nolock            00415ca9 f   LIBCMT:fclose.obj
 0001:00014d1b       _fclose                    00415d1b f   LIBCMT:fclose.obj
 0001:00014d97       __fwrite_nolock            00415d97 f   LIBCMT:fwrite.obj
 0001:00014ef6       _fwrite                    00415ef6 f   LIBCMT:fwrite.obj
 0001:00014f78       __fread_nolock_s           00415f78 f   LIBCMT:fread.obj
 0001:0001517e       _fread_s                   0041617e f   LIBCMT:fread.obj
 0001:00015214       _fread                     00416214 f   LIBCMT:fread.obj
 0001:0001522f       _feof                      0041622f f   LIBCMT:feoferr.obj
 0001:0001525e       _free                      0041625e f   LIBCMT:free.obj
 0001:000152ec       __ftell_nolock             004162ec f   LIBCMT:ftell.obj
 0001:00015484       _ftell                     00416484 f   LIBCMT:ftell.obj
 0001:000154f2       __fseek_nolock             004164f2 f   LIBCMT:fseek.obj
 0001:00015579       _fseek                     00416579 f   LIBCMT:fseek.obj
 0001:00015600       __chkstk                   00416600 f   LIBCMT:chkstk.obj
 0001:00015600       __alloca_probe             00416600     LIBCMT:chkstk.obj
 0001:0001562b       _fgets                     0041662b f   LIBCMT:fgets.obj
 0001:00015809       __VEC_memzero              00416809 f   LIBCMT:p4_memset.obj
 0001:00015898       __sse2_mathfcns_init       00416898 f   LIBCMT:mathfcns.obj
 0001:000158ac       ?_Type_info_dtor@type_info@@CAXPAV1@@Z 004168ac f   LIBCMT:typname.obj
 0001:00015920       _strcmp                    00416920 f   LIBCMT:strcmp.obj
 0001:000159a8       _abort                     004169a8 f   LIBCMT:abort.obj
 0001:00015a9b       __set_abort_behavior       00416a9b f   LIBCMT:abort.obj
 0001:00015ab9       __NMSG_WRITE               00416ab9 f   LIBCMT:crt0msg.obj
 0001:00015c59       __FF_MSGBANNER             00416c59 f   LIBCMT:crt0msg.obj
 0001:00015cfe       __encode_pointer           00416cfe f   LIBCMT:tidtable.obj
 0001:00015d6c       __encoded_null             00416d6c f   LIBCMT:tidtable.obj
 0001:00015d75       __decode_pointer           00416d75 f   LIBCMT:tidtable.obj
 0001:00015de3       ___crtTlsAlloc@4           00416de3 f   LIBCMT:tidtable.obj
 0001:00015dec       ___set_flsgetvalue         00416dec f   LIBCMT:tidtable.obj
 0001:00015e1e       __mtterm                   00416e1e f   LIBCMT:tidtable.obj
 0001:00015e5b       __initptd                  00416e5b f   LIBCMT:tidtable.obj
 0001:00015f1a       __getptd_noexit            00416f1a f   LIBCMT:tidtable.obj
 0001:00015f91       __getptd                   00416f91 f   LIBCMT:tidtable.obj
 0001:00015fa9       __freefls@4                00416fa9 f   LIBCMT:tidtable.obj
 0001:000160ca       __mtinit                   004170ca f   LIBCMT:tidtable.obj
 0001:0001624e       __initp_misc_purevirt      0041724e f   LIBCMT:inithelp.obj
 0001:00016258       __stbuf                    00417258 f   LIBCMT:_sftbuf.obj
 0001:000162ee       __ftbuf                    004172ee f   LIBCMT:_sftbuf.obj
 0001:0001631d       ??0_LocaleUpdate@@QAE@PAUlocaleinfo_struct@@@Z 0041731d f i LIBCMT:output.obj
 0001:00016440       __output_l                 00417440 f   LIBCMT:output.obj
 0001:00016dd4       __ioinit                   00417dd4 f   LIBCMT:ioinit.obj
 0001:00017014       __fileno                   00418014 f   LIBCMT:fileno.obj
 0001:00017041       __initp_misc_invarg        00418041 f   LIBCMT:invarg.obj
 0001:0001704b       __invoke_watson            0041804b f   LIBCMT:invarg.obj
 0001:00017147       __invalid_parameter        00418147 f   LIBCMT:invarg.obj
 0001:0001716b       __get_errno_from_oserr     0041816b f   LIBCMT:dosmap.obj
 0001:000171a6       __errno                    004181a6 f   LIBCMT:dosmap.obj
 0001:000171b9       ___doserrno                004181b9 f   LIBCMT:dosmap.obj
 0001:000171cc       __dosmaperr                004181cc f   LIBCMT:dosmap.obj
 0001:000171ec       __SEH_prolog4              004181ec f   LIBCMT:sehprolg4.obj
 0001:00017231       __SEH_epilog4              00418231 f   LIBCMT:sehprolg4.obj
 0001:00017250       __except_handler4          00418250 f   LIBCMT:chandler4.obj
 0001:000173e6       __malloc_crt               004183e6 f   LIBCMT:crtheap.obj
 0001:00017426       __calloc_crt               00418426 f   LIBCMT:crtheap.obj
 0001:0001746e       __realloc_crt              0041846e f   LIBCMT:crtheap.obj
 0001:000174b9       __fcloseall                004184b9 f   LIBCMT:closeall.obj
 0001:00017558       __flush                    00418558 f   LIBCMT:fflush.obj
 0001:000175ba       __fflush_nolock            004185ba f   LIBCMT:fflush.obj
 0001:000176d6       __flushall                 004186d6 f   LIBCMT:fflush.obj
 0001:000176df       __mtinitlocks              004186df f   LIBCMT:mlock.obj
 0001:00017728       __mtdeletelocks            00418728 f   LIBCMT:mlock.obj
 0001:0001777d       __unlock                   0041877d f   LIBCMT:mlock.obj
 0001:00017792       __mtinitlocknum            00418792 f   LIBCMT:mlock.obj
 0001:00017855       __lock                     00418855 f   LIBCMT:mlock.obj
 0001:00017886       ___report_gsfailure        00418886 f   LIBCMT:gs_report.obj
 0001:0001798a       ??0exception@std@@QAE@ABQBDH@Z 0041898a f   LIBCMT:stdexcpt.obj
 0001:000179a2       ??0exception@std@@QAE@ABV01@@Z 004189a2 f   LIBCMT:stdexcpt.obj
 0001:000179fa       ??1exception@std@@UAE@XZ   004189fa f   LIBCMT:stdexcpt.obj
 0001:00017a10       ?what@exception@std@@UBEPBDXZ 00418a10 f   LIBCMT:stdexcpt.obj
 0001:00017a1d       ??_Eexception@std@@UAEPAXI@Z 00418a1d f i LIBCMT:stdexcpt.obj
 0001:00017a1d       ??_Gexception@std@@UAEPAXI@Z 00418a1d f i LIBCMT:stdexcpt.obj
 0001:00017a39       __initp_heap_handler       00418a39 f   LIBCMT:handler.obj
 0001:00017a43       __callnewh                 00418a43 f   LIBCMT:handler.obj
 0001:00017a65       __CxxThrowException@8      00418a65 f   LIBCMT:throw.obj
 0001:00017aaf       __flsbuf                   00418aaf f   LIBCMT:_flsbuf.obj
 0001:00017c96       __VEC_memcpy               00418c96 f   LIBCMT:p4_memcpy.obj
 0001:00017fa4       _strtol                    00418fa4 f   LIBCMT:strtol.obj
 0001:00017fcd       __RTC_Initialize           00418fcd f   LIBCMT:initsect.obj
 0001:00017ff1       __RTC_Terminate            00418ff1 f   LIBCMT:initsect.obj
 0001:00018015       __initp_misc_cfltcvt_tab   00419015 f   LIBCMT:cmiscdat.obj
 0001:00018040       __ValidateImageBase        00419040 f   LIBCMT:pesect.obj
 0001:00018070       __FindPESection            00419070 f   LIBCMT:pesect.obj
 0001:000180c0       __IsNonwritableInCurrentImage 004190c0 f   LIBCMT:pesect.obj
 0001:0001817b       ?terminate@@YAXXZ          0041917b f   LIBCMT:hooks.obj
 0001:000181b4       __initp_eh_hooks           004191b4 f   LIBCMT:hooks.obj
 0001:000181c5       __initp_misc_winxfltr      004191c5 f   LIBCMT:winxfltr.obj
 0001:000181c6       __XcptFilter               004191c6 f   LIBCMT:winxfltr.obj
 0001:00018324       __initp_misc_winsig        00419324 f   LIBCMT:winsig.obj
 0001:00018371       ___get_sigabrt             00419371 f   LIBCMT:winsig.obj
 0001:0001837e       _raise                     0041937e f   LIBCMT:winsig.obj
 0001:0001852e       __initp_misc_rand_s        0041952e f   LIBCMT:rand_s.obj
 0001:00018538       __initp_misc_initcrit      00419538 f   LIBCMT:initcrit.obj
 0001:00018552       ___crtInitCritSecAndSpinCount 00419552 f   LIBCMT:initcrit.obj
 0001:00018617       __msize                    00419617 f   LIBCMT:msize.obj
 0001:000186ba       ?__CxxUnhandledExceptionFilter@@YGJPAU_EXCEPTION_POINTERS@@@Z 004196ba f   LIBCMT:unhandld.obj
 0001:000186f7       ___CxxSetUnhandledExceptionFilter 004196f7 f   LIBCMT:unhandld.obj
 0001:00018705       __setenvp                  00419705 f   LIBCMT:stdenvp.obj
 0001:00018978       __setargv                  00419978 f   LIBCMT:stdargv.obj
 0001:00018a31       ___crtGetEnvironmentStringsA 00419a31 f   LIBCMT:a_env.obj
 0001:00018b66       ___heap_select             00419b66 f   LIBCMT:heapinit.obj
 0001:00018bc1       __heap_init                00419bc1 f   LIBCMT:heapinit.obj
 0001:00018c1b       ___security_init_cookie    00419c1b f   LIBCMT:gs_support.obj
 0001:00018caf       ___sbh_heap_init           00419caf f   LIBCMT:sbheap.obj
 0001:00018cf7       ___sbh_find_block          00419cf7 f   LIBCMT:sbheap.obj
 0001:00018d22       ___sbh_free_block          00419d22 f   LIBCMT:sbheap.obj
 0001:00019036       ___sbh_alloc_new_region    0041a036 f   LIBCMT:sbheap.obj
 0001:000190e6       ___sbh_alloc_new_group     0041a0e6 f   LIBCMT:sbheap.obj
 0001:000191ec       ___sbh_resize_block        0041a1ec f   LIBCMT:sbheap.obj
 0001:000194cb       ___sbh_alloc_block         0041a4cb f   LIBCMT:sbheap.obj
 0001:000197ae       __openfile                 0041a7ae f   LIBCMT:_open.obj
 0001:00019a4e       __getstream                0041aa4e f   LIBCMT:stream.obj
 0001:00019b80       __local_unwind4            0041ab80 f   LIBCMT:exsup4.obj
 0001:00019c56       __seh_longjmp_unwind4@4    0041ac56 f   LIBCMT:exsup4.obj
 0001:00019c72       @_EH4_CallFilterFunc@8     0041ac72 f   LIBCMT:exsup4.obj
 0001:00019c89       @_EH4_TransferToHandler@8  0041ac89 f   LIBCMT:exsup4.obj
 0001:00019ca2       @_EH4_GlobalUnwind@4       0041aca2 f   LIBCMT:exsup4.obj
 0001:00019cbc       @_EH4_LocalUnwind@16       0041acbc f   LIBCMT:exsup4.obj
 0001:00019cd3       __close_nolock             0041acd3 f   LIBCMT:close.obj
 0001:00019d67       __close                    0041ad67 f   LIBCMT:close.obj
 0001:00019e34       __freebuf                  0041ae34 f   LIBCMT:_freebuf.obj
 0001:00019e60       __write_nolock             0041ae60 f   LIBCMT:write.obj
 0001:0001a426       __write                    0041b426 f   LIBCMT:write.obj
 0001:0001a502       __filbuf                   0041b502 f   LIBCMT:_filbuf.obj
 0001:0001a622       __read_nolock              0041b622 f   LIBCMT:read.obj
 0001:0001abe3       __read                     0041bbe3 f   LIBCMT:read.obj
 0001:0001ace0       _memcpy_s                  0041bce0 f   LIBCMT:memcpy_s.obj
 0001:0001ad5b       __lseek_nolock             0041bd5b f   LIBCMT:lseek.obj
 0001:0001adcd       __lseek                    0041bdcd f   LIBCMT:lseek.obj
 0001:0001aef9       __get_sse2_info            0041bef9 f   LIBCMT:cpu_disp.obj
 0001:0001af59       ___sse2_available_init     0041bf59 f   LIBCMT:cpu_disp.obj
 0001:0001af66       _strcpy_s                  0041bf66 f   LIBCMT:strcpy_s.obj
 0001:0001afd0       _strlen                    0041bfd0 f   LIBCMT:strlen.obj
 0001:0001b05b       ___crtMessageBoxA          0041c05b f   LIBCMT:crtmbox.obj
 0001:0001b218       _strcat_s                  0041c218 f   LIBCMT:strcat_s.obj
 0001:0001b289       _strncpy_s                 0041c289 f   LIBCMT:strncpy_s.obj
 0001:0001b33c       __set_error_mode           0041c33c f   LIBCMT:errmode.obj
 0001:0001b382       ___freetlocinfo            0041c382 f   LIBCMT:setlocal.obj
 0001:0001b4c2       ___addlocaleref            0041c4c2 f   LIBCMT:setlocal.obj
 0001:0001b548       ___removelocaleref         0041c548 f   LIBCMT:setlocal.obj
 0001:0001b612       ___updatetlocinfo          0041c612 f   LIBCMT:setlocal.obj
 0001:0001b896       ___updatetmbcinfo          0041c896 f   LIBCMT:mbctype.obj
 0001:0001b9b4       __setmbcp_nolock           0041c9b4 f   LIBCMT:mbctype.obj
 0001:0001bb8d       __setmbcp                  0041cb8d f   LIBCMT:mbctype.obj
 0001:0001bd27       ___initmbctable            0041cd27 f   LIBCMT:mbctype.obj
 0001:0001bd45       __freea                    0041cd45 f i LIBCMT:w_loc.obj
 0001:0001bd60       __isatty                   0041cd60 f   LIBCMT:isatty.obj
 0001:0001bdbe       __wctomb_s_l               0041cdbe f   LIBCMT:wctomb.obj
 0001:0001bf1d       _wctomb_s                  0041cf1d f   LIBCMT:wctomb.obj
 0001:0001bf38       __isleadbyte_l             0041cf38 f i LIBCMT:_wctype.obj
 0001:0001bf6e       _isleadbyte                0041cf6e f i LIBCMT:_wctype.obj
 0001:0001bf80       __aulldvrm                 0041cf80 f   LIBCMT:ulldvrm.obj
 0001:0001c015       __crt_debugger_hook        0041d015 f   LIBCMT:dbghook.obj
 0001:0001c01d       __calloc_impl              0041d01d f   LIBCMT:calloc.obj
 0001:0001c13b       _realloc                   0041d13b f   LIBCMT:realloc.obj
 0001:0001c356       __commit                   0041d356 f   LIBCMT:commit.obj
 0001:0001c437       __lseeki64_nolock          0041d437 f   LIBCMT:lseeki64.obj
 0001:0001c4ba       __lseeki64                 0041d4ba f   LIBCMT:lseeki64.obj
 0001:0001c5d3       __getbuf                   0041d5d3 f   LIBCMT:_getbuf.obj
 0001:0001c617       __isctype_l                0041d617 f   LIBCMT:isctype.obj
 0001:0001c6cd       __fptrap                   0041d6cd f   LIBCMT:crt0fp.obj
 0001:0001c727       __ismbblead                0041d727 f   LIBCMT:ismbbyte.obj
 0001:0001c740       _memmove                   0041d740 f   LIBCMT:memmove.obj
 0001:0001d1fe       __sopen_helper             0041e1fe f   LIBCMT:open.obj
 0001:0001d2ca       __sopen_s                  0041e2ca f   LIBCMT:open.obj
 0001:0001d2e8       __mbsicmp_l                0041e2e8 f   LIBCMT:mbsicmp.obj
 0001:0001d502       __mbsicmp                  0041e502 f   LIBCMT:mbsicmp.obj
 0001:0001d515       __mbsnbcmp_l               0041e515 f   LIBCMT:mbsnbcmp.obj
 0001:0001d67e       __mbsnbcmp                 0041e67e f   LIBCMT:mbsnbcmp.obj
 0001:0001d698       __global_unwind2           0041e698 f   LIBCMT:exsup.obj
 0001:0001d6fd       __local_unwind2            0041e6fd f   LIBCMT:exsup.obj
 0001:0001d781       __abnormal_termination     0041e781 f   LIBCMT:exsup.obj
 0001:0001d7a4       __NLG_Notify1              0041e7a4 f   LIBCMT:exsup.obj
 0001:0001d7ad       __NLG_Notify               0041e7ad f   LIBCMT:exsup.obj
 0001:0001d7c4       __NLG_Dispatch             0041e7c4     LIBCMT:exsup.obj
 0001:0001d7c4       __NLG_Dispatch2            0041e7c4     LIBCMT:exsup.obj
 0001:0001d7cc       __NLG_Call                 0041e7cc f   LIBCMT:exsup.obj
 0001:0001d7ce       __NLG_Return2              0041e7ce     LIBCMT:exsup.obj
 0001:0001d7cf       __set_osfhnd               0041e7cf f   LIBCMT:osfinfo.obj
 0001:0001d84c       __free_osfhnd              0041e84c f   LIBCMT:osfinfo.obj
 0001:0001d8cd       __get_osfhandle            0041e8cd f   LIBCMT:osfinfo.obj
 0001:0001d93e       ___lock_fhandle            0041e93e f   LIBCMT:osfinfo.obj
 0001:0001d9de       __unlock_fhandle           0041e9de f   LIBCMT:osfinfo.obj
 0001:0001da00       __alloc_osfhnd             0041ea00 f   LIBCMT:osfinfo.obj
 0001:0001db9f       __putwch_nolock            0041eb9f f   LIBCMT:putwch.obj
 0001:0001dc61       __mbtowc_l                 0041ec61 f   LIBCMT:mbtowc.obj
 0001:0001dd74       _mbtowc                    0041ed74 f   LIBCMT:mbtowc.obj
 0001:0001dd8b       ___free_lc_time            0041ed8b f   LIBCMT:inittime.obj
 0001:0001df1b       ___free_lconv_num          0041ef1b f   LIBCMT:initnum.obj
 0001:0001df5b       ___free_lconv_mon          0041ef5b f   LIBCMT:initmon.obj
 0001:0001dff0       _strcspn                   0041eff0 f   LIBCMT:strcspn.obj
 0001:0001e1ee       ___crtGetStringTypeA       0041f1ee f   LIBCMT:a_str.obj
 0001:0001e230       _strpbrk                   0041f230 f   LIBCMT:strpbrk.obj
 0001:0001e612       ___crtLCMapStringA         0041f612 f   LIBCMT:a_map.obj
 0001:0001e660       __alloca_probe_16          0041f660 f   LIBCMT:alloca16.obj
 0001:0001e676       __alloca_probe_8           0041f676     LIBCMT:alloca16.obj
 0001:0001e68c       __chsize_nolock            0041f68c f   LIBCMT:chsize.obj
 0001:0001e840       __setmode_nolock           0041f840 f   LIBCMT:setmode.obj
 0001:0001e8fc       __get_fmode                0041f8fc f   LIBCMT:setmode.obj
 0001:0001e930       ___ascii_stricmp           0041f930 f   LIBCMT:stricmp.obj
 0001:0001e965       __stricmp_l                0041f965 f   LIBCMT:stricmp.obj
 0001:0001ea38       ___initconout              0041fa38 f   LIBCMT:initcon.obj
 0001:0001ea57       ___termcon                 0041fa57 f   LIBCMT:initcon.obj
 0001:0001ea84       ___ansicp                  0041fa84 f   LIBCMT:convrtcp.obj
 0001:0001eacb       ___convertcp               0041facb f   LIBCMT:convrtcp.obj
 0001:0001ec7d       __tolower_l                0041fc7d f   LIBCMT:tolower.obj
 0001:0001eda0       ___ascii_strnicmp          0041fda0 f   LIBCMT:_strnicm.obj
 0001:0001ee01       __strdup                   0041fe01 f   LIBCMT:strdup.obj
 0001:0001ee01       _strdup                    0041fe01 f   LIBCMT:strdup.obj
 0001:0001ee52       _RtlUnwind@16              0041fe52 f   kernel32:KERNEL32.dll
 0002:00000000       __imp__RaiseException@16   00420000     kernel32:KERNEL32.dll
 0002:00000004       __imp__SetEndOfFile@4      00420004     kernel32:KERNEL32.dll
 0002:00000008       __imp__LCMapStringW@24     00420008     kernel32:KERNEL32.dll
 0002:0000000c       __imp__LCMapStringA@24     0042000c     kernel32:KERNEL32.dll
 0002:00000010       __imp__GetStringTypeW@16   00420010     kernel32:KERNEL32.dll
 0002:00000014       __imp__GetStringTypeA@20   00420014     kernel32:KERNEL32.dll
 0002:00000018       __imp__WriteConsoleW@20    00420018     kernel32:KERNEL32.dll
 0002:0000001c       __imp__GetConsoleOutputCP@0 0042001c     kernel32:KERNEL32.dll
 0002:00000020       __imp__WriteConsoleA@20    00420020     kernel32:KERNEL32.dll
 0002:00000024       __imp__SetStdHandle@8      00420024     kernel32:KERNEL32.dll
 0002:00000028       __imp__ExitThread@4        00420028     kernel32:KERNEL32.dll
 0002:0000002c       __imp__CreateThread@24     0042002c     kernel32:KERNEL32.dll
 0002:00000030       __imp__EnterCriticalSection@4 00420030     kernel32:KERNEL32.dll
 0002:00000034       __imp__LeaveCriticalSection@4 00420034     kernel32:KERNEL32.dll
 0002:00000038       __imp__GetProcAddress@8    00420038     kernel32:KERNEL32.dll
 0002:0000003c       __imp__GetModuleHandleA@4  0042003c     kernel32:KERNEL32.dll
 0002:00000040       __imp__ExitProcess@4       00420040     kernel32:KERNEL32.dll
 0002:00000044       __imp__GetCommandLineA@0   00420044     kernel32:KERNEL32.dll
 0002:00000048       __imp__HeapFree@12         00420048     kernel32:KERNEL32.dll
 0002:0000004c       __imp__GetVersionExA@4     0042004c     kernel32:KERNEL32.dll
 0002:00000050       __imp__HeapAlloc@12        00420050     kernel32:KERNEL32.dll
 0002:00000054       __imp__GetProcessHeap@0    00420054     kernel32:KERNEL32.dll
 0002:00000058       __imp__GetLastError@0      00420058     kernel32:KERNEL32.dll
 0002:0000005c       __imp__UnhandledExceptionFilter@4 0042005c     kernel32:KERNEL32.dll
 0002:00000060       __imp__SetUnhandledExceptionFilter@4 00420060     kernel32:KERNEL32.dll
 0002:00000064       __imp__WriteFile@20        00420064     kernel32:KERNEL32.dll
 0002:00000068       __imp__GetStdHandle@4      00420068     kernel32:KERNEL32.dll
 0002:0000006c       __imp__GetModuleFileNameA@12 0042006c     kernel32:KERNEL32.dll
 0002:00000070       __imp__TlsGetValue@4       00420070     kernel32:KERNEL32.dll
 0002:00000074       __imp__TlsAlloc@0          00420074     kernel32:KERNEL32.dll
 0002:00000078       __imp__TlsSetValue@8       00420078     kernel32:KERNEL32.dll
 0002:0000007c       __imp__TlsFree@4           0042007c     kernel32:KERNEL32.dll
 0002:00000080       __imp__InterlockedIncrement@4 00420080     kernel32:KERNEL32.dll
 0002:00000084       __imp__SetLastError@4      00420084     kernel32:KERNEL32.dll
 0002:00000088       __imp__GetCurrentThreadId@0 00420088     kernel32:KERNEL32.dll
 0002:0000008c       __imp__InterlockedDecrement@4 0042008c     kernel32:KERNEL32.dll
 0002:00000090       __imp__SetHandleCount@4    00420090     kernel32:KERNEL32.dll
 0002:00000094       __imp__GetFileType@4       00420094     kernel32:KERNEL32.dll
 0002:00000098       __imp__GetStartupInfoA@4   00420098     kernel32:KERNEL32.dll
 0002:0000009c       __imp__DeleteCriticalSection@4 0042009c     kernel32:KERNEL32.dll
 0002:000000a0       __imp__TerminateProcess@8  004200a0     kernel32:KERNEL32.dll
 0002:000000a4       __imp__GetCurrentProcess@0 004200a4     kernel32:KERNEL32.dll
 0002:000000a8       __imp__IsDebuggerPresent@0 004200a8     kernel32:KERNEL32.dll
 0002:000000ac       __imp__Sleep@4             004200ac     kernel32:KERNEL32.dll
 0002:000000b0       __imp__LoadLibraryA@4      004200b0     kernel32:KERNEL32.dll
 0002:000000b4       __imp__InitializeCriticalSection@4 004200b4     kernel32:KERNEL32.dll
 0002:000000b8       __imp__HeapSize@12         004200b8     kernel32:KERNEL32.dll
 0002:000000bc       __imp__FreeEnvironmentStringsA@4 004200bc     kernel32:KERNEL32.dll
 0002:000000c0       __imp__GetEnvironmentStrings@0 004200c0     kernel32:KERNEL32.dll
 0002:000000c4       __imp__FreeEnvironmentStringsW@4 004200c4     kernel32:KERNEL32.dll
 0002:000000c8       __imp__WideCharToMultiByte@32 004200c8     kernel32:KERNEL32.dll
 0002:000000cc       __imp__GetEnvironmentStringsW@0 004200cc     kernel32:KERNEL32.dll
 0002:000000d0       __imp__HeapDestroy@4       004200d0     kernel32:KERNEL32.dll
 0002:000000d4       __imp__HeapCreate@12       004200d4     kernel32:KERNEL32.dll
 0002:000000d8       __imp__VirtualFree@12      004200d8     kernel32:KERNEL32.dll
 0002:000000dc       __imp__QueryPerformanceCounter@4 004200dc     kernel32:KERNEL32.dll
 0002:000000e0       __imp__GetTickCount@0      004200e0     kernel32:KERNEL32.dll
 0002:000000e4       __imp__GetCurrentProcessId@0 004200e4     kernel32:KERNEL32.dll
 0002:000000e8       __imp__GetSystemTimeAsFileTime@4 004200e8     kernel32:KERNEL32.dll
 0002:000000ec       __imp__VirtualAlloc@16     004200ec     kernel32:KERNEL32.dll
 0002:000000f0       __imp__HeapReAlloc@16      004200f0     kernel32:KERNEL32.dll
 0002:000000f4       __imp__RtlUnwind@16        004200f4     kernel32:KERNEL32.dll
 0002:000000f8       __imp__CloseHandle@4       004200f8     kernel32:KERNEL32.dll
 0002:000000fc       __imp__GetConsoleCP@0      004200fc     kernel32:KERNEL32.dll
 0002:00000100       __imp__GetConsoleMode@8    00420100     kernel32:KERNEL32.dll
 0002:00000104       __imp__MultiByteToWideChar@24 00420104     kernel32:KERNEL32.dll
 0002:00000108       __imp__ReadFile@20         00420108     kernel32:KERNEL32.dll
 0002:0000010c       __imp__SetFilePointer@16   0042010c     kernel32:KERNEL32.dll
 0002:00000110       __imp__GetCPInfo@8         00420110     kernel32:KERNEL32.dll
 0002:00000114       __imp__GetACP@0            00420114     kernel32:KERNEL32.dll
 0002:00000118       __imp__GetOEMCP@0          00420118     kernel32:KERNEL32.dll
 0002:0000011c       __imp__IsValidCodePage@4   0042011c     kernel32:KERNEL32.dll
 0002:00000120       __imp__GetLocaleInfoA@16   00420120     kernel32:KERNEL32.dll
 0002:00000124       __imp__FlushFileBuffers@4  00420124     kernel32:KERNEL32.dll
 0002:00000128       __imp__CreateFileA@28      00420128     kernel32:KERNEL32.dll
 0002:0000012c       \177KERNEL32_NULL_THUNK_DATA 0042012c     kernel32:KERNEL32.dll
 0002:00000130       __imp__accept@12           00420130     wsock32:WSOCK32.dll
 0002:00000134       __imp__listen@8            00420134     wsock32:WSOCK32.dll
 0002:00000138       __imp__bind@12             00420138     wsock32:WSOCK32.dll
 0002:0000013c       __imp__WSAGetLastError@0   0042013c     wsock32:WSOCK32.dll
 0002:00000140       __imp__recv@16             00420140     wsock32:WSOCK32.dll
 0002:00000144       __imp__send@16             00420144     wsock32:WSOCK32.dll
 0002:00000148       __imp__select@20           00420148     wsock32:WSOCK32.dll
 0002:0000014c       __imp__socket@12           0042014c     wsock32:WSOCK32.dll
 0002:00000150       __imp__setsockopt@20       00420150     wsock32:WSOCK32.dll
 0002:00000154       __imp__connect@12          00420154     wsock32:WSOCK32.dll
 0002:00000158       __imp__getservbyname@8     00420158     wsock32:WSOCK32.dll
 0002:0000015c       __imp__htons@4             0042015c     wsock32:WSOCK32.dll
 0002:00000160       __imp__gethostbyname@4     00420160     wsock32:WSOCK32.dll
 0002:00000164       __imp__inet_addr@4         00420164     wsock32:WSOCK32.dll
 0002:00000168       __imp__shutdown@8          00420168     wsock32:WSOCK32.dll
 0002:0000016c       __imp__closesocket@4       0042016c     wsock32:WSOCK32.dll
 0002:00000170       __imp__WSACleanup@0        00420170     wsock32:WSOCK32.dll
 0002:00000174       __imp__WSAStartup@8        00420174     wsock32:WSOCK32.dll
 0002:00000178       \177WSOCK32_NULL_THUNK_DATA 00420178     wsock32:WSOCK32.dll
 0002:0000017c       ___xc_a                    0042017c     LIBCMT:crt0init.obj
 0002:00000184       ___xc_z                    00420184     LIBCMT:crt0init.obj
 0002:00000188       ___xi_a                    00420188     LIBCMT:crt0init.obj
 0002:000001a4       ___xi_z                    004201a4     LIBCMT:crt0init.obj
 0002:000001a8       ___xp_a                    004201a8     LIBCMT:crt0init.obj
 0002:000001b4       ___xp_z                    004201b4     LIBCMT:crt0init.obj
 0002:000001b8       ___xt_a                    004201b8     LIBCMT:crt0init.obj
 0002:000001bc       ___xt_z                    004201bc     LIBCMT:crt0init.obj
 0002:000001c4       ??_7CStoreRQ@@6B@          004201c4     test.obj
 0002:000001d0       ??_7CStoreRSP@@6B@         004201d0     test.obj
 0002:000001d8       ??_C@_04OEDFLLKD@?$CC?$CFs?$CC?$AA@ 004201d8     test.obj
 0002:000001e0       ??_C@_0P@CKNFEOAK@Sequence?5Item?6?$AA@ 004201e0     test.obj
 0002:000001f0       ??_C@_03JDANDILB@?$CFd?5?$AA@ 004201f0     test.obj
 0002:000001f4       ??_C@_04JLFGKHHD@?$CFld?5?$AA@ 004201f4     test.obj
 0002:000001fc       ??_C@_06KOCDJANI@?$CF4?44x?5?$AA@ 004201fc     test.obj
 0002:00000204       ??_C@_06FNBBCMBJ@?$CF2?42x?5?$AA@ 00420204     test.obj
 0002:0000020c       ??_C@_0BA@DLLIMFJK@?$CI?$CF4?44x?0?5?$CF4?44x?$CJ?5?$AA@ 0042020c     test.obj
 0002:0000021c       ??_C@_07LMEPGMD@?$CI?$CFd?$HM?$CFx?$CJ?$AA@ 0042021c     test.obj
 0002:00000224       ??_C@_07GCEINMEC@?$FL?$CFd?$HM?$CFx?$FN?$AA@ 00420224     test.obj
 0002:0000022c       ??_C@_09OJDNCNKB@?$CF2?42x?$CI?$CFc?$CJ?$AA@ 0042022c     test.obj
 0002:00000238       ??_C@_06OJHGLDPL@?$CInull?$CJ?$AA@ 00420238     test.obj
 0002:00000240       ??_C@_01EEMJAFIK@?6?$AA@   00420240     test.obj
 0002:00000244       ??_C@_0CE@JDBNGHOL@?$CI?$CF4?44x?0?5?$CF4?44x?0?5?$CF02d?0?5Type?5Unknow@ 00420244     test.obj
 0002:00000268       ??_C@_0CA@FBPPMIAL@?$CI?$CF4?44x?0?5?$CF4?44x?0?5?$CF02d?0?5?$CFc?$CFc?0?5?$CFs?$CJ?5?$AA@ 00420268     test.obj
 0002:0000028c       ??_7DICOMCommandObject@@6B@ 0042028c     test.obj
 0002:000002a4       ??_7DICOMDataObject@@6B@   004202a4     test.obj
 0002:000002b8       ??_C@_0CB@DKIDFMMJ@Remote?5DICOM?5Error?5code?5?$CFx?5?$CI?$CFd?$CJ?6@ 004202b8     test.obj
 0002:000002dc       ??_C@_0BJ@LNJHEP@not?5a?5C?9Move?9RSP?3?5?$CF4?44x?6?$AA@ 004202dc     test.obj
 0002:000002f8       ??_C@_0CF@MELOPHGK@Remote?5modality?5dropped?5Associat@ 004202f8     test.obj
 0002:00000320       ??_C@_0BE@JLLNLLNP@C?9Move?5?$CFd?5Complete?6?$AA@ 00420320     test.obj
 0002:00000334       ??_C@_0DA@HHNCNCML@C?9Move?9Rsp?3?5?$CI?$CFd?$CJ?5Images?5sent?1?5?$CI?$CF@ 00420334     test.obj
 0002:00000364       ??_C@_00CNPNBAHC@?$AA@     00420364     test.obj
 0002:00000368       ??_C@_05OJINHBJP@STUDY?$AA@ 00420368     test.obj
 0002:00000370       ??_C@_0BK@IIBEGDKM@AAssociateRJ?3?5?$CFd?0?5?$CFd?0?5?$CFd?6?$AA@ 00420370     test.obj
 0002:0000038c       ??_C@_0BM@DNFECAPL@1?42?4840?410008?45?41?44?41?42?42?41?$AA@ 0042038c     test.obj
 0002:000003a8       ??_C@_0BM@BGHJHDDI@1?42?4840?410008?45?41?44?41?42?42?42?$AA@ 004203a8     test.obj
 0002:000003c4       ??_C@_0BG@LIIGJNNH@1?42?4840?410008?43?41?41?41?$AA@ 004203c4     test.obj
 0002:000003dc       ??_C@_0BJ@EFBGLKGA@Unable?5to?5create?5thread?6?$AA@ 004203dc     test.obj
 0002:000003f8       ??_C@_0BC@EJDJJJFA@1?42?4840?410008?41?41?$AA@ 004203f8     test.obj
 0002:0000040c       ??_C@_0DA@HOIJJBPJ@stripped?5leading?5zeros?5of?5patien@ 0042040c     test.obj
 0002:0000043c       ??_C@_0CE@PHDBIMLA@Added?5missing?5patient?5ID?3?5000000@ 0042043c     test.obj
 0002:00000460       ??_C@_0EC@EFLNNLDB@?9?9?9?9?9?9?9?9?9?9?9?9?9?9?9?9?9?9?9?9?9?9?9?9?9?9?9?9?9?9?9?9@ 00420460     test.obj
 0002:000004a4       ??_C@_08LEDEEJEF@00000000?$AA@ 004204a4     test.obj
 0002:000004b0       ??_C@_07CCACIMEM@NO?5NAME?$AA@ 004204b0     test.obj
 0002:000004b8       ??_C@_0GN@MHCIAJBJ@usage?3?5dicom?5?$FL?9v?5filename?5?$FN?5?$HM?5?$FL?9@ 004204b8     test.obj
 0002:00000528       ??_C@_0BJ@BOPGLIED@?7?7Transfer?5Syntax?3?5?$CC?$CFs?$CC?6?$AA@ 00420528     test.obj
 0002:00000544       ??_C@_0BP@LCAPHNNN@?7Presentation?5Context?5?$CFd?5?$CC?$CFs?$CC?6?$AA@ 00420544     test.obj
 0002:00000564       ??_C@_0CP@HLGLPGFM@?7Number?5of?5Proposed?5Presentation@ 00420564     test.obj
 0002:00000594       ??_C@_0BN@BHLGGJBO@?7Application?5Context?5?3?5?$CC?$CFs?$CC?6?$AA@ 00420594     test.obj
 0002:000005b4       ??_C@_0CC@MLBJMPEF@?7Called?5Application?5Title?5?3?5?$CC?$CFs?$CC@ 004205b4     test.obj
 0002:000005d8       ??_C@_0CD@EFLMEFC@?7Calling?5Application?5Title?5?3?5?$CC?$CFs@ 004205d8     test.obj
 0002:000005fc       ??_C@_0BN@HJDNJMHK@A?9ASSOCIATE?9RQ?5Packet?5Dump?6?6?$AA@ 004205fc     test.obj
 0002:0000061c       ??_C@_0BD@HNFBEPDL@?$DO?5End?5of?5Sequence?6?$AA@ 0042061c     test.obj
 0002:00000630       ??_C@_0BF@GIKPLOAB@?$DO?5Start?5of?5Sequence?6?$AA@ 00420630     test.obj
 0002:00000648       ??_C@_01GPOEFGEJ@?7?$AA@   00420648     test.obj
 0002:0000064c       ??_C@_0CD@JJJHGMAO@?$FL?9?9?9?9?9?9?9DICOM?5Object?3?5?$CFs?9?9?9?9?9?9?9?9@ 0042064c     test.obj
 0002:00000670       ??_C@_0BM@HANIPJNE@Error?5loading?5filename?3?5?$CFs?6?$AA@ 00420670     test.obj
 0002:0000068c       ??_C@_0CD@PHCIIHAG@Object?3?5?$CI?$CF4?44x?0?5?$CF4?44x?$CJ?0?5?$CFd?5Lengt@ 0042068c     test.obj
 0002:000006b0       ??_C@_0BB@LKOABMHN@Command?5Object?3?6?$AA@ 004206b0     test.obj
 0002:000006c4       ??_C@_0O@FBLJFJGC@Data?5Object?3?6?$AA@ 004206c4     test.obj
 0002:000006d4       ??_C@_06PFNNCHAG@STUDY?5?$AA@ 004206d4     test.obj
 0002:000006dc       ??_C@_0BM@BPBDHBH@A?9ASSOCIATE?9RQ?5Packet?5Dump?6?$AA@ 004206dc     test.obj
 0002:000006f8       ??_C@_0DK@HKEBNAJB@?7?$FL?$CFd?$FN?5Presentation?5Context?5ID?$DN?$CFd@ 004206f8     test.obj
 0002:00000734       ??_C@_0CP@LIMINKKN@?7Number?5of?5Accepted?5Presentation@ 00420734     test.obj
 0002:00000764       ??_C@_0BN@FMHBEFHO@A?9ASSOCIATE?9AC?5Packet?5Dump?6?6?$AA@ 00420764     test.obj
 0002:00000784       ??_C@_08DEEKMFAG@?$CF8?48x?5?5?5?$AA@ 00420784     test.obj
 0002:00000790       ??_C@_0BH@BPNBALKI@Waiting?5for?5CEcho?9RSP?6?$AA@ 00420790     test.obj
 0002:000007a8       ??_C@_0BF@KAJLKGNC@Sending?5CEcho?9RQ?5?$CFd?6?$AA@ 004207a8     test.obj
 0002:000007c4       ??_7RunTimeClassStorage@@6BCStoreRSP@@@ 004207c4     test.obj
 0002:000007d0       ??_7RunTimeClassStorage@@6BCStoreRQ@@@ 004207d0     test.obj
 0002:000007e0       ??_C@_0BO@HOINKMNI@Forwarding?5?$CFs?9RSP?5data?5field?6?$AA@ 004207e0     test.obj
 0002:00000800       ??_C@_0DI@EDNHLCNI@?9?9?9?9?9?9?9?9?9?9?9?9?9?9?9?5response?5?$CIdata?$CJ?5@ 00420800     test.obj
 0002:00000838       ??_C@_0BD@JEIBMNNM@Forwarding?5?$CFs?9RSP?6?$AA@ 00420838     test.obj
 0002:0000084c       ??_C@_0DL@ILADFNMK@?9?9?9?9?9?9?9?9?9?9?9?9?9?9?9?5response?5?$CIcomman@ 0042084c     test.obj
 0002:00000888       ??_C@_0BE@MPEBGMMF@Waiting?5for?5?$CFs?9RSP?6?$AA@ 00420888     test.obj
 0002:0000089c       ??_C@_0BF@DBCCNFEF@Forwarding?5?$CFs?9RQ?5?$CFd?6?$AA@ 0042089c     test.obj
 0002:000008b4       ??_C@_0DM@JLLEHPMM@?9?9?9?9?9?9?9?9?9?9?9?9?9?9?9?5data?5for?5?$CFs?5requ@ 004208b4     test.obj
 0002:000008f0       ??_C@_07JOGJBKJH@NDELETE?$AA@ 004208f0     test.obj
 0002:000008f8       ??_C@_07MINHANGM@CCANCEL?$AA@ 004208f8     test.obj
 0002:00000900       ??_C@_07MHGPODBM@NCREATE?$AA@ 00420900     test.obj
 0002:00000908       ??_C@_04KPCAJJPN@NSET?$AA@ 00420908     test.obj
 0002:00000910       ??_C@_07PDMJCAIM@NACTION?$AA@ 00420910     test.obj
 0002:00000918       ??_C@_04HAFLFJDF@NGET?$AA@ 00420918     test.obj
 0002:00000920       ??_C@_05NHCLIJMG@CECHO?$AA@ 00420920     test.obj
 0002:00000928       ??_C@_07HJOHGCG@NREPORT?$AA@ 00420928     test.obj
 0002:00000930       ??_C@_0CA@IBMGNNN@Start?5return?5connection?5?5to?5?$CFs?6?$AA@ 00420930     test.obj
 0002:00000950       ??_C@_05EBNKBLEP@CMOVE?$AA@ 00420950     test.obj
 0002:00000958       ??_C@_06HBLIFFMC@CSTORE?$AA@ 00420958     test.obj
 0002:00000960       ??_C@_04IIMLJNIE@CGET?$AA@ 00420960     test.obj
 0002:00000968       ??_C@_05BIEPLGAL@CFIND?$AA@ 00420968     test.obj
 0002:00000970       ??_C@_0BH@OCAJCJBF@1?42?4840?410008?45?41?41?416?$AA@ 00420970     test.obj
 0002:00000988       ??_C@_0BI@IOIJOIIK@1?42?4840?410008?45?41?41?44?41?$AA@ 00420988     test.obj
 0002:000009a0       ??_C@_0BG@DJOGABF@1?42?4840?410008?45?41?41?44?$AA@ 004209a0     test.obj
 0002:000009b8       ??_C@_0BG@FFMEMHJD@1?42?4840?410008?45?41?41?42?$AA@ 004209b8     test.obj
 0002:000009d0       ??_C@_0BG@HOOJJEFA@1?42?4840?410008?45?41?41?41?$AA@ 004209d0     test.obj
 0002:000009e8       ??_C@_0BH@HMIKAEJL@1?42?4840?410008?45?41?41?418?$AA@ 004209e8     test.obj
 0002:00000a00       ??_C@_0BG@LGDABOFI@1?42?4840?410008?45?41?41?49?$AA@ 00420a00     test.obj
 0002:00000a18       ??_C@_0DM@KHFJNACO@?9?9?9?9?9?9?9?9?9?9?9?9?9?9?9?5command?5for?5requ@ 00420a18     test.obj
 0002:00000a54       ??_C@_0DM@NKENCBHB@?6?6?$CK?$CK?$CK?$CK?$CK?$CK?$CK?$CK?$CK?$CK?$CK?$CK?$CK?$CK?$CK?$CK?$CK?$CK?$CK?$CK?$CK?$CK?$CK?$CK?$CK?$CK?$CK?$CK?$CK?$CK@ 00420a54     test.obj
 0002:00000a90       ??_C@_0BM@GEPOCHO@failed?5to?5send?5DICOM?5image?6?$AA@ 00420a90     test.obj
 0002:00000aac       ??_C@_0DB@JOCFFJMH@DICOM?5server?5does?5not?5accept?5typ@ 00420aac     test.obj
 0002:00000ae0       ??_C@_0BD@PPIBOBKK@failed?5to?5connect?6?$AA@ 00420ae0     test.obj
 0002:00000af4       ??_C@_06HJNKNPJJ@called?$AA@ 00420af4     test.obj
 0002:00000afc       ??_C@_06GFECGKEO@caller?$AA@ 00420afc     test.obj
 0002:00000b04       ??_C@_0BD@FMMILLKJ@failed?5to?5load?5?$CFs?6?$AA@ 00420b04     test.obj
 0002:00000b18       ??_C@_0BC@PINCENBM@failed?5to?5listen?6?$AA@ 00420b18     test.obj
 0002:00000b2c       ??_C@_0BG@MONBGEFK@garbled?5command?5line?6?$AA@ 00420b2c     test.obj
 0002:00000b48       ??_C@_0EM@PNOMNENC@TEST?5?9m?5?9l?3LOCALAE?$CIdest?$CJ?5host?5po@ 00420b48     test.obj
 0002:00000b94       ??_C@_0BM@PELHKDAE@Extended?5options?5?$CIC?9MOVE?$CJ?3?6?$AA@ 00420b94     test.obj
 0002:00000bb0       ??_C@_0DL@FJMCGNNM@TEST?5?9f?5host?5port?5QUERYLEVEL?5PAT@ 00420bb0     test.obj
 0002:00000bec       ??_C@_0BM@BIOICDCO@Extended?5options?5?$CIC?9FIND?$CJ?3?6?$AA@ 00420bec     test.obj
 0002:00000c08       ??_C@_03JGNKJEA@104?$AA@   00420c08     test.obj
 0002:00000c0c       ??_C@_0BE@CHPGCGAG@unknown?5option?3?5?$CFc?6?$AA@ 00420c0c     test.obj
 0002:00000c20       ??_C@_0BJ@IJEMLJLL@error?5server?5option?3?5?$CFc?6?$AA@ 00420c20     test.obj
 0002:00000c3c       ??_C@_06FBCCGIP@dd?4txt?$AA@ 00420c3c     test.obj
 0002:00000c44       ??_C@_0BH@HLPCKIL@1?42?4840?410008?41?42?44?491?$AA@ 00420c44     dicom:cong.obj
 0002:00000c5c       ??_C@_0BH@BOKEBLMK@1?42?4840?410008?41?42?44?490?$AA@ 00420c5c     dicom:cong.obj
 0002:00000c74       ??_C@_0BH@GHNEALM@1?42?4840?410008?41?42?44?481?$AA@ 00420c74     dicom:cong.obj
 0002:00000c8c       ??_C@_0BH@BPGGHBPN@1?42?4840?410008?41?42?44?480?$AA@ 00420c8c     dicom:cong.obj
 0002:00000ca4       ??_C@_0BH@BEDKDGMA@1?42?4840?410008?41?42?44?470?$AA@ 00420ca4     dicom:cong.obj
 0002:00000cbc       ??_C@_0BH@EDKCPLHB@1?42?4840?410008?41?42?44?466?$AA@ 00420cbc     dicom:cong.obj
 0002:00000cd4       ??_C@_0BH@GIIPKILC@1?42?4840?410008?41?42?44?465?$AA@ 00420cd4     dicom:cong.obj
 0002:00000cec       ??_C@_0BH@HBJEJJPD@1?42?4840?410008?41?42?44?464?$AA@ 00420cec     dicom:cong.obj
 0002:00000d04       ??_C@_0BH@DONFAPDE@1?42?4840?410008?41?42?44?463?$AA@ 00420d04     dicom:cong.obj
 0002:00000d1c       ??_C@_0BH@CHMODOHF@1?42?4840?410008?41?42?44?462?$AA@ 00420d1c     dicom:cong.obj
 0002:00000d34       ??_C@_0BH@MODGNLG@1?42?4840?410008?41?42?44?461?$AA@ 00420d34     dicom:cong.obj
 0002:00000d4c       ??_C@_0BH@BFPIFMPH@1?42?4840?410008?41?42?44?460?$AA@ 00420d4c     dicom:cong.obj
 0002:00000d64       ??_C@_0BH@MGHMFJOH@1?42?4840?410008?41?42?44?459?$AA@ 00420d64     dicom:cong.obj
 0002:00000d7c       ??_C@_0BH@NPGHGIKG@1?42?4840?410008?41?42?44?458?$AA@ 00420d7c     dicom:cong.obj
 0002:00000d94       ??_C@_0BH@FIPPHEGJ@1?42?4840?410008?41?42?44?457?$AA@ 00420d94     dicom:cong.obj
 0002:00000dac       ??_C@_0BH@EBOEEFCI@1?42?4840?410008?41?42?44?456?$AA@ 00420dac     dicom:cong.obj
 0002:00000dc4       ??_C@_0BH@GKMJBGOL@1?42?4840?410008?41?42?44?455?$AA@ 00420dc4     dicom:cong.obj
 0002:00000ddc       ??_C@_0BH@HDNCCHKK@1?42?4840?410008?41?42?44?454?$AA@ 00420ddc     dicom:cong.obj
 0002:00000df4       ??_C@_0BH@DMJDLBGN@1?42?4840?410008?41?42?44?453?$AA@ 00420df4     dicom:cong.obj
 0002:00000e0c       ??_C@_0BH@CFIIIACM@1?42?4840?410008?41?42?44?452?$AA@ 00420e0c     dicom:cong.obj
 0002:00000e24       ??_C@_0BH@OKFNDOP@1?42?4840?410008?41?42?44?451?$AA@ 00420e24     dicom:cong.obj
 0002:00000e3c       ??_C@_0BH@BHLOOCKO@1?42?4840?410008?41?42?44?450?$AA@ 00420e3c     dicom:cong.obj
 0002:00000e54       ??_C@_0BE@LBDPDJDP@1?42?4840?410008?41?42?45?$AA@ 00420e54     dicom:cong.obj
 0002:00000e68       ??_C@_0BE@POHOKPPI@1?42?4840?410008?41?42?42?$AA@ 00420e68     dicom:cong.obj
 0002:00000e7c       ??_C@_0BE@NFFDPMDL@1?42?4840?410008?41?42?41?$AA@ 00420e7c     dicom:cong.obj
 0002:00000e90       ??_C@_0BC@GCBEMKJD@1?42?4840?410008?41?42?$AA@ 00420e90     dicom:cong.obj
 0002:00000ea8       ??_7Socket@@6B@            00420ea8     dicom:cong.obj
 0002:00000ebc       ??_C@_0N@PKKIJDHK@DICOM?5ERROR?5?$AA@ 00420ebc     dicom:cong.obj
 0002:00000ecc       ??_C@_0CH@HECCNILG@VR?3?5out?5of?5memory?5allocating?5?$CFd?5@ 00420ecc     dicom:cong.obj
 0002:00000ef8       ??_7AAssociateRJ@@6B@      00420ef8     dicom:cong.obj
 0002:00000f00       ??_7AReleaseRQ@@6B@        00420f00     dicom:cong.obj
 0002:00000f08       ??_7AReleaseRP@@6B@        00420f08     dicom:cong.obj
 0002:00000f10       ??_7AAbortRQ@@6B@          00420f10     dicom:cong.obj
 0002:00000f14       ??_C@_02JDPG@rb?$AA@       00420f14     dicom:cong.obj
 0002:00000f1c       ??_7?$Array@PAVBufferSpace@@@@6B@ 00420f1c     dicom:cong.obj
 0002:00000f24       ??_7?$Array@PAVVR@@@@6B@   00420f24     dicom:cong.obj
 0002:00000f2c       ??_7?$Array@PAVVRGroupPQueue@@@@6B@ 00420f2c     dicom:cong.obj
 0002:00000f34       ??_7?$Array@VTransferSyntax@@@@6B@ 00420f34     dicom:cong.obj
 0002:00000f3c       ??_7?$Array@VPresentationContext@@@@6B@ 00420f3c     dicom:cong.obj
 0002:00000f44       ??_7?$Array@VPresentationContextAccept@@@@6B@ 00420f44     dicom:cong.obj
 0002:00000f4c       ??_7?$Array@VAbstractSyntax@@@@6B@ 00420f4c     dicom:cong.obj
 0002:00000f54       ??_7?$Array@PAVDICOMObject@@@@6B@ 00420f54     dicom:cong.obj
 0002:00000f5c       ??_7?$Array@U_RTCElement@@@@6B@ 00420f5c     dicom:cong.obj
 0002:00000f64       ??_7?$Array@V?$FixedArrayElement@IU_RTCElement@@@@@@6B@ 00420f64     dicom:cong.obj
 0002:00000f68       ??_C@_0DA@CNOKHGHP@Bufferspace?3?5out?5of?5memory?5alloc@ 00420f68     dicom:cong.obj
 0002:00000f9c       ??_7Buffer@@6B@            00420f9c     dicom:cong.obj
 0002:00000fa8       ??_C@_0BL@FOJILJIC@Connected?5by?5address?3?5?$CF08x?$AA@ 00420fa8     dicom:cong.obj
 0002:00000fc4       ??_C@_0CO@DMPHOMCB@VR?3ReAlloc?5out?5of?5memory?5allocat@ 00420fc4     dicom:cong.obj
 0002:00000ff4       ??_C@_0CD@DLKKAON@1?42?4826?40?41?43680043?42?4135?41066?41@ 00420ff4     dicom:cong.obj
 0002:00001018       ??_C@_0N@KFKAGLBD@1?44?416?1WIN32?$AA@ 00421018     dicom:cong.obj
 0002:00001028       ??_C@_0DN@LAJGKFBO@Internal?5error?5during?5load?5of?5DC@ 00421028     dicom:cong.obj
 0002:00001068       ??_C@_0EN@CPPKNJGE@no?5UID?5associated?5with?5PCID?5?$CFd?5d@ 00421068     dicom:cong.obj
 0002:000010bc       ??_7VRGroupPQueue@@6B@     004210bc     dicom:cong.obj
 0002:000010c4       ??_7LinkedBuffer@@6B@      004210c4     dicom:cong.obj
 0002:000010d4       ??_7FileBuffer@@6B@        004210d4     dicom:cong.obj
 0002:000010e4       ??_7DICOMObject@@6B@       004210e4     dicom:cong.obj
 0002:000010fc       ??_7MemoryBuffer@@6B@      004210fc     dicom:cong.obj
 0002:0000110c       ??_7PDataTF@@6B@           0042110c     dicom:cong.obj
 0002:00001110       ??_C@_04EFLJODAN@DICM?$AA@ 00421110     dicom:cong.obj
 0002:0000111c       ??_7?$PQueue@V?$FixedArrayElement@IU_RTCElement@@@@@@6B@ 0042111c     dicom:cong.obj
 0002:00001124       ??_7AAssociateAC@@6B@      00421124     dicom:cong.obj
 0002:00001128       ??_C@_0EJ@JENLHINF@No?5accepted?5presentation?5context@ 00421128     dicom:cong.obj
 0002:00001174       ??_C@_01LOCGONAA@?$AA?$AA@ 00421174     dicom:cong.obj
 0002:00001178       ??_C@_0DL@PJMKBLMF@Sequence?5parse?5error?5during?5load@ 00421178     dicom:cong.obj
 0002:000011b8       ??_C@_0FI@HBIENDDJ@Implicit_Parse?5encountered?5an?5in@ 004211b8     dicom:cong.obj
 0002:00001210       ??_C@_0BD@GGBLBCEH@Continuing?5parsing?$AA@ 00421210     dicom:cong.obj
 0002:00001224       ??_C@_0BD@LEKCKBOG@Group?5Length?5?$DN?5?$CFu?6?$AA@ 00421224     dicom:cong.obj
 0002:00001238       ??_C@_0N@GMNANHEE@Length?5?$DN?5?$CFd?6?$AA@ 00421238     dicom:cong.obj
 0002:00001248       ??_C@_0FI@ILHFEOIN@Implicit?5Parse?5encountered?5an?5in@ 00421248     dicom:cong.obj
 0002:000012a0       ??_C@_0EO@DBAMAPBE@?$CIImp?$CJ?5Encountered?5an?5invalid?5ele@ 004212a0     dicom:cong.obj
 0002:000012f0       ??_C@_0EP@DDIJLJLE@?$CIImp?$CJ?5Encountered?5an?5invalid?5gro@ 004212f0     dicom:cong.obj
 0002:00001340       ??_C@_0BF@LBNOLKNI@1?42?4840?410008?41?42?41?$AA?$AA@ 00421340     dicom:cong.obj
 0002:00001358       ??_C@_0FL@CDPKFABG@Explicit_ParseRaw?5encountered?5an@ 00421358     dicom:cong.obj
 0002:000013b8       ??_C@_0FI@HEEPAFAK@Explicit?5Parse?5encountered?5an?5in@ 004213b8     dicom:cong.obj
 0002:00001410       ??_C@_0EO@GKFBNJMD@?$CIExp?$CJ?5Encountered?5an?5invalid?5ele@ 00421410     dicom:cong.obj
 0002:00001460       ??_C@_0EP@CLGFKDBF@?$CIExp?$CJ?5Encountered?5an?5invalid?5gro@ 00421460     dicom:cong.obj
 0002:000014b0       ??_C@_09LDPOJFLM@Keyword?$DN?$CC?$AA@ 004214b0     dicom:cong.obj
 0002:000014bc       ??_C@_04GEILMFED@VR?$DN?$CC?$AA@ 004214bc     dicom:cong.obj
 0002:000014c4       ??_C@_08JMNOJJJC@?$CD?$CBBinRTC?$AA@ 004214c4     dicom:cong.obj
 0002:000014d0       ??_C@_01KDCPPGHE@r?$AA@    004214d0     dicom:cong.obj
[...]
 0002:00004188       ??_R1DKI@?0A@EA@AAssociateRJ@@8 00424188     dicom:cong.obj
 0002:000041a4       ??_R1DLI@?0A@EA@AReleaseRQ@@8 004241a4     dicom:cong.obj
 0002:000041c0       ??_R1DMI@?0A@EA@AReleaseRP@@8 004241c0     dicom:cong.obj
 0002:000041dc       ??_R1DNI@?0A@EA@AAbortRQ@@8 004241dc     dicom:cong.obj
 0002:000041f8       ??_R1DOI@?0A@EA@PDataTF@@8 004241f8     dicom:cong.obj
 0002:00004214       ??_R4PDU_Service@@6BAAssociateRQ@@@ 00424214     dicom:cong.obj
 0002:00004228       ??_R4PDU_Service@@6BAAssociateAC@@@ 00424228     dicom:cong.obj
 0002:0000423c       ??_R4PDU_Service@@6BAAssociateRJ@@@ 0042423c     dicom:cong.obj
 0002:00004250       ??_R4PDU_Service@@6BAReleaseRQ@@@ 00424250     dicom:cong.obj
 0002:00004264       ??_R4PDU_Service@@6BAReleaseRP@@@ 00424264     dicom:cong.obj
 0002:00004278       ??_R4PDU_Service@@6BAAbortRQ@@@ 00424278     dicom:cong.obj
 0002:0000428c       ??_R4PDU_Service@@6BPDataTF@@@ 0042428c     dicom:cong.obj
 0002:000042a0       ??_R4type_info@@6B@        004242a0     LIBCMT:typinfo.obj
 0002:000042b4       ??_R3type_info@@8          004242b4     LIBCMT:typinfo.obj
 0002:000042c4       ??_R2type_info@@8          004242c4     LIBCMT:typinfo.obj
 0002:000042cc       ??_R1A@?0A@EA@type_info@@8 004242cc     LIBCMT:typinfo.obj
 0002:000042e8       ??_R4bad_alloc@std@@6B@    004242e8     LIBCMT:new.obj
 0002:000042fc       ??_R3bad_alloc@std@@8      004242fc     LIBCMT:new.obj
 0002:0000430c       ??_R2bad_alloc@std@@8      0042430c     LIBCMT:new.obj
 0002:00004318       ??_R1A@?0A@EA@bad_alloc@std@@8 00424318     LIBCMT:new.obj
 0002:00004334       ??_R1A@?0A@EA@exception@std@@8 00424334     LIBCMT:new.obj
 0002:00004350       ??_R3exception@std@@8      00424350     LIBCMT:new.obj
 0002:00004360       ??_R2exception@std@@8      00424360     LIBCMT:new.obj
 0002:00004368       ??_R4exception@std@@6B@    00424368     LIBCMT:stdexcpt.obj
 0002:00004380       ___safe_se_handler_table   00424380     <linker-defined>
 0002:0000438c       ___rtc_iaa                 0042438c     LIBCMT:initsect.obj
 0002:00004390       ___rtc_izz                 00424390     LIBCMT:initsect.obj
 0002:00004394       ___rtc_taa                 00424394     LIBCMT:initsect.obj
 0002:00004398       ___rtc_tzz                 00424398     LIBCMT:initsect.obj
 0002:000043bc       __TI2?AVbad_alloc@std@@    004243bc     LIBCMT:new.obj
 0002:000043cc       __CTA2?AVbad_alloc@std@@   004243cc     LIBCMT:new.obj
 0002:000043d8       __CT??_R0?AVbad_alloc@std@@@8??0bad_alloc@std@@QAE@ABV01@@Z12 004243d8     LIBCMT:new.obj
 0002:000043f4       __CT??_R0?AVexception@std@@@8??0exception@std@@QAE@ABV01@@Z12 004243f4     LIBCMT:new.obj
 0002:00004948       __IMPORT_DESCRIPTOR_WSOCK32 00424948     wsock32:WSOCK32.dll
 0002:0000495c       __IMPORT_DESCRIPTOR_KERNEL32 0042495c     kernel32:KERNEL32.dll
 0002:00004970       __NULL_IMPORT_DESCRIPTOR   00424970     wsock32:WSOCK32.dll
 0003:00000000       ?LOCAL_ACR@@3PAEA          00426000     test.obj
 0003:00000014       ?REMOTE_ACR@@3PAEA         00426014     test.obj
 0003:00000028       ?PORT@@3PAEA               00426028     test.obj
 0003:0000003c       ?gatewayname@@3PADA        0042603c     test.obj
 0003:00000048       ?Directory@@3PAEA          00426048     test.obj
 0003:000000c8       ?gatewayport@@3PADA        004260c8     test.obj
 0003:000000d0       ?viewerport@@3PADA         004260d0     test.obj
 0003:000000d8       ??_R0?AVCStoreRQ@@@8       004260d8     test.obj
 0003:000000f0       ??_R0?AVCStoreRSP@@@8      004260f0     test.obj
 0003:00000108       ??_R0?AVDICOMCommandObject@@@8 00426108     test.obj
 0003:0000012c       ??_R0?AVDICOMObject@@@8    0042612c     test.obj
 0003:00000148       ??_R0?AV?$PQueueOfPtr@PAVVRGroupPQueue@@@@@8 00426148     test.obj
 0003:00000178       ??_R0?AV?$Array@PAVVRGroupPQueue@@@@@8 00426178     test.obj
 0003:000001a4       ??_R0?AVDICOMDataObject@@@8 004261a4     test.obj
 0003:000001c4       ??_R0?AVStandardStorage@@@8 004261c4     test.obj
 0003:000001e4       ??_R0?AVRunTimeClassStorage@@@8 004261e4     test.obj
 0003:00000208       ?TransferSyntaxAliases@@3PAU_TransferSyntaxAlias@@A 00426208     dicom:cong.obj
 0003:000002e4       ??_R0?AVSocket@@@8         004262e4     dicom:cong.obj
 0003:000002fc       ??_R0?AVAAssociateRJ@@@8   004262fc     dicom:cong.obj
 0003:00000318       ??_R0?AVAReleaseRQ@@@8     00426318     dicom:cong.obj
 0003:00000334       ??_R0?AVAReleaseRP@@@8     00426334     dicom:cong.obj
 0003:00000350       ??_R0?AVAAbortRQ@@@8       00426350     dicom:cong.obj
 0003:00000368       ??_R0?AV?$Array@PAVBufferSpace@@@@@8 00426368     dicom:cong.obj
 0003:00000390       ??_R0?AV?$Array@PAVVR@@@@@8 00426390     dicom:cong.obj
 0003:000003b0       ??_R0?AV?$Array@VTransferSyntax@@@@@8 004263b0     dicom:cong.obj
 0003:000003d8       ??_R0?AV?$Array@VPresentationContext@@@@@8 004263d8     dicom:cong.obj
 0003:00000408       ??_R0?AV?$Array@VPresentationContextAccept@@@@@8 00426408     dicom:cong.obj
 0003:0000043c       ??_R0?AV?$Array@VAbstractSyntax@@@@@8 0042643c     dicom:cong.obj
 0003:00000464       ??_R0?AV?$Array@PAVDICOMObject@@@@@8 00426464     dicom:cong.obj
 0003:0000048c       ??_R0?AV?$Array@U_RTCElement@@@@@8 0042648c     dicom:cong.obj
 0003:000004b4       ??_R0?AV?$Array@V?$FixedArrayElement@IU_RTCElement@@@@@@@8 004264b4     dicom:cong.obj
 0003:000004f4       ??_R0?AV?$PQueueOfPtr@PAVVR@@@@@8 004264f4     dicom:cong.obj
 0003:00000518       ??_R0?AVBuffer@@@8         00426518     dicom:cong.obj
 0003:00000530       ??_R0?AVVRGroupPQueue@@@8  00426530     dicom:cong.obj
 0003:0000054c       ??_R0?AVLinkedBuffer@@@8   0042654c     dicom:cong.obj
 0003:00000568       ??_R0?AVFileBuffer@@@8     00426568     dicom:cong.obj
 0003:00000584       ??_R0?AVMemoryBuffer@@@8   00426584     dicom:cong.obj
 0003:000005a0       ??_R0?AVPDataTF@@@8        004265a0     dicom:cong.obj
 0003:000005b8       ??_R0?AV?$PQueue@V?$FixedArrayElement@IU_RTCElement@@@@@@@8 004265b8     dicom:cong.obj
 0003:000005f8       ??_R0?AVAAssociateAC@@@8   004265f8     dicom:cong.obj
 0003:00000614       ??_R0?AVAAssociateRQ@@@8   00426614     dicom:cong.obj
 0003:00000630       ??_R0?AVPDU_Service@@@8    00426630     dicom:cong.obj
 0003:00000654       ??_R0?AVtype_info@@@8      00426654     LIBCMT:typinfo.obj
 0003:00000670       __iob                      00426670     LIBCMT:_file.obj
 0003:000008f0       ___security_cookie         004268f0     LIBCMT:gs_cookie.obj
 0003:000008f4       ___security_cookie_complement 004268f4     LIBCMT:gs_cookie.obj
 0003:000008fc       ??_R0?AVbad_alloc@std@@@8  004268fc     LIBCMT:new.obj
 0003:00000918       ??_R0?AVexception@std@@@8  00426918     LIBCMT:new.obj
 0003:00000940       __aexit_rtn                00426940     LIBCMT:crt0dat.obj
 0003:00000944       ___app_type                00426944     LIBCMT:crt0.obj
 0003:00000960       ___abort_behavior          00426960     LIBCMT:abort.obj
 0003:00000a20       ___flsindex                00426a20     LIBCMT:tidtable.obj
 0003:00000a24       ___getvalueindex           00426a24     LIBCMT:tidtable.obj
 0003:00000a28       ___nullstring              00426a28     LIBCMT:output.obj
 0003:00000a2c       ___wnullstring             00426a2c     LIBCMT:output.obj
 0003:00000a30       ___badioinfo               00426a30     LIBCMT:ioinit.obj
 0003:00000cfc       __cfltcvt_tab              00426cfc     LIBCMT:cmiscdat.obj
 0003:00000d28       __XcptActTab               00426d28     LIBCMT:winxfltr.obj
 0003:00000da0       __First_FPE_Indx           00426da0     LIBCMT:winxfltr.obj
 0003:00000da4       __Num_FPE                  00426da4     LIBCMT:winxfltr.obj
 0003:00000da8       __XcptActTabSize           00426da8     LIBCMT:winxfltr.obj
 0003:00000dac       __XcptActTabCount          00426dac     LIBCMT:winxfltr.obj
 0003:00000db0       __amblksiz                 00426db0     LIBCMT:heapinit.obj
 0003:00000db8       __lookuptrailbytes         00426db8     LIBCMT:read.obj
 0003:00000ec8       ___clocalestr              00426ec8     LIBCMT:nlsdata2.obj
 0003:00000ed0       ___initiallocinfo          00426ed0     LIBCMT:nlsdata2.obj
 0003:00000fa8       ___ptlocinfo               00426fa8     LIBCMT:nlsdata2.obj
 0003:00000fac       ___lc_clike                00426fac     LIBCMT:nlsdata2.obj
 0003:00000fb0       ___initiallocalestructinfo 00426fb0     LIBCMT:nlsdata2.obj
 0003:00000fb8       ___initialmbcinfo          00426fb8     LIBCMT:mbctype.obj
 0003:000011d8       __mbctype                  004271d8     LIBCMT:mbctype.obj
 0003:000012e0       __mbcasemap                004272e0     LIBCMT:mbctype.obj
 0003:000013e0       ___ptmbcinfo               004273e0     LIBCMT:mbctype.obj
 0003:000014d8       ___globallocalestatus      004274d8     LIBCMT:glstatus.obj
 0003:000014e0       __NLG_Destination          004274e0     LIBCMT:exsup.obj
 0003:000014f4       __pctype                   004274f4     LIBCMT:ctype.obj
 0003:000014f8       __pwctype                  004274f8     LIBCMT:ctype.obj
 0003:00001500       ___lc_time_c               00427500     LIBCMT:strftime.obj
 0003:000015b8       ___lc_time_curr            004275b8     LIBCMT:strftime.obj
 0003:000015bc       ___lconv_static_decimal    004275bc     LIBCMT:lconv.obj
 0003:000015c0       ___lconv_c                 004275c0     LIBCMT:lconv.obj
 0003:000015f0       ___lconv                   004275f0     LIBCMT:lconv.obj
 0003:000015f4       ___mb_cur_max              004275f4     LIBCMT:nlsdata1.obj
 0003:000015f8       ___decimal_point           004275f8     LIBCMT:nlsdata1.obj
 0003:000015fc       ___decimal_point_length    004275fc     LIBCMT:nlsdata1.obj
 0003:00001600       __coninpfh                 00427600     LIBCMT:initcon.obj
 0003:00001604       __confh                    00427604     LIBCMT:initcon.obj
 0003:00001608       __timezone                 00427608     LIBCMT:timeset.obj
 0003:0000160c       __daylight                 0042760c     LIBCMT:timeset.obj
 0003:00001610       __dstbias                  00427610     LIBCMT:timeset.obj
 0003:00001698       __tzname                   00427698     LIBCMT:timeset.obj
 0003:000016b8       __lpdays                   004276b8     LIBCMT:days.obj
 0003:000016ec       __days                     004276ec     LIBCMT:days.obj
 0003:00001720       ?ForkAProc@@3HA            00427720     test.obj
 0003:00001724       ?ForkProc@@3P6AHPAVDICOMDataObject@@@ZA 00427724     test.obj
 0003:00001728       ?PNAME@@3PAEA              00427728     test.obj
 0003:00001768       ?returndump@@3HA           00427768     test.obj
 0003:00001770       ?VRType@@3VRTC@@A          00427770     test.obj
 0003:0000190c       ?DicomErrorHandler@@3P6AXHPBDH@ZA 0042790c     dicom:cong.obj
 0003:00001910       ?ConfigPadAEWithZeros@@3HA 00427910     dicom:cong.obj
 0003:00001914       __cflush                   00427914     LIBCMT:_file.obj
 0003:0000192c       __umaskval                 0042792c     LIBCMT:crt0dat.obj
 0003:00001930       __osplatform               00427930     LIBCMT:crt0dat.obj
 0003:00001934       __osver                    00427934     LIBCMT:crt0dat.obj
 0003:00001938       __winver                   00427938     LIBCMT:crt0dat.obj
 0003:0000193c       __winmajor                 0042793c     LIBCMT:crt0dat.obj
 0003:00001940       __winminor                 00427940     LIBCMT:crt0dat.obj
 0003:00001944       ___argc                    00427944     LIBCMT:crt0dat.obj
 0003:00001948       ___argv                    00427948     LIBCMT:crt0dat.obj
 0003:0000194c       ___wargv                   0042794c     LIBCMT:crt0dat.obj
 0003:00001950       __environ                  00427950     LIBCMT:crt0dat.obj
 0003:00001954       ___initenv                 00427954     LIBCMT:crt0dat.obj
 0003:00001958       __wenviron                 00427958     LIBCMT:crt0dat.obj
 0003:0000195c       ___winitenv                0042795c     LIBCMT:crt0dat.obj
 0003:00001960       __pgmptr                   00427960     LIBCMT:crt0dat.obj
 0003:00001964       __wpgmptr                  00427964     LIBCMT:crt0dat.obj
 0003:00001968       __exitflag                 00427968     LIBCMT:crt0dat.obj
 0003:0000196c       __C_Termination_Done       0042796c     LIBCMT:crt0dat.obj
 0003:00001970       __C_Exit_Done              00427970     LIBCMT:crt0dat.obj
 0003:00001974       __aenvptr                  00427974     LIBCMT:crt0.obj
 0003:00001978       __wenvptr                  00427978     LIBCMT:crt0.obj
 0003:0000197c       ___error_mode              0042797c     LIBCMT:crt0.obj
 0003:00001c9c       _gpFlsAlloc                00427c9c     LIBCMT:tidtable.obj
 0003:00001ca0       _gpFlsGetValue             00427ca0     LIBCMT:tidtable.obj
 0003:00001ca4       _gpFlsSetValue             00427ca4     LIBCMT:tidtable.obj
 0003:00001ca8       _gpFlsFree                 00427ca8     LIBCMT:tidtable.obj
 0003:00001cb4       ___pPurecall               00427cb4     LIBCMT:inithelp.obj
 0003:00001cb8       __stdbuf                   00427cb8     LIBCMT:_sftbuf.obj
 0003:00001cc0       ___pInvalidArgHandler      00427cc0     LIBCMT:invarg.obj
 0003:00001cc4       __maxwait                  00427cc4     LIBCMT:crtheap.obj
 0003:0000213c       ?_pnhHeap@@3P6AHI@ZA       0042813c     LIBCMT:handler.obj
 0003:00002140       ?__pInconsistency@@3P6AXXZA 00428140     LIBCMT:hooks.obj
 0003:0000226c       __crtheap                  0042826c     LIBCMT:heapinit.obj
 0003:00002270       ___sbh_pHeaderDefer        00428270     LIBCMT:sbheap.obj
 0003:00002274       __newmode                  00428274     LIBCMT:_newmode.obj
 0003:0000228c       ?pArgList@UnDecorator@@0PAVReplicator@@A 0042828c     LIBCMT:undname.obj
 0003:00002290       ?pZNameList@UnDecorator@@0PAVReplicator@@A 00428290     LIBCMT:undname.obj
 0003:00002294       ?pTemplateArgList@UnDecorator@@0PAVReplicator@@A 00428294     LIBCMT:undname.obj
 0003:00002298       ?gName@UnDecorator@@0PBDB  00428298     LIBCMT:undname.obj
 0003:0000229c       ?name@UnDecorator@@0PBDB   0042829c     LIBCMT:undname.obj
 0003:000022a0       ?outputString@UnDecorator@@0PADA 004282a0     LIBCMT:undname.obj
 0003:000022a4       ?maxStringLength@UnDecorator@@0HA 004282a4     LIBCMT:undname.obj
 0003:000022a8       ?disableFlags@UnDecorator@@0KA 004282a8     LIBCMT:undname.obj
 0003:000022ac       ?m_pGetParameter@UnDecorator@@0P6APADJ@ZA 004282ac     LIBCMT:undname.obj
 0003:000022b0       ?fExplicitTemplateParams@UnDecorator@@0_NA 004282b0     LIBCMT:undname.obj
 0003:000022b1       ?fGetTemplateArgumentList@UnDecorator@@0_NA 004282b1     LIBCMT:undname.obj
 0003:000022c8       ___locale_changed          004282c8     LIBCMT:setlocal.obj
 0003:000022cc       ___lc_handle               004282cc     LIBCMT:nlsdata2.obj
 0003:000022e4       ___lc_codepage             004282e4     LIBCMT:nlsdata2.obj
 0003:000022e8       ___lc_collate_cp           004282e8     LIBCMT:nlsdata2.obj
 0003:000022f0       ___mbulinfo                004282f0     LIBCMT:mbctype.obj
 0003:000022fc       ___mbcodepage              004282fc     LIBCMT:mbctype.obj
 0003:00002300       ___ismbcodepage            00428300     LIBCMT:mbctype.obj
 0003:00002304       ___mblcid                  00428304     LIBCMT:mbctype.obj
 0003:00002308       __commode                  00428308     LIBCMT:ncommode.obj
 0003:0000230c       ___lconv_static_null       0042830c     LIBCMT:lconv.obj
 0003:000023d0       __fmode                    004283d0     LIBCMT:txtmode.obj
 0003:000023d4       __debugger_hook_dummy      004283d4     <common>
 0003:000023d8       ___sbh_cntHeaderList       004283d8     <common>
 0003:000023dc       ___sbh_pHeaderList         004283dc     <common>
 0003:000023e0       ___sbh_threshold           004283e0     <common>
 0003:000023e4       ___sbh_pHeaderScan         004283e4     <common>
 0003:000023e8       ___sbh_sizeHeaderList      004283e8     <common>
 0003:000023ec       ___sbh_indGroupDefer       004283ec     <common>
 0003:000023f0       ___active_heap             004283f0     <common>
 0003:000023f4       __pDestructExceptionObject 004283f4     <common>
 0003:000023f8       __nhandle                  004283f8     <common>
 0003:00002400       ___pioinfo                 00428400     <common>
 0003:00002500       ___use_sse2_mathfcns       00428500     <common>
 0003:00002504       ___sse2_available          00428504     <common>
 0003:00002508       __acmdln                   00428508     <common>
 0003:0000250c       ___env_initialized         0042850c     <common>
 0003:00002510       ___onexitend               00428510     <common>
 0003:00002514       ___onexitbegin             00428514     <common>
 0003:00002518       ___mbctype_initialized     00428518     <common>
 0003:0000251c       __FPinit                   0042851c     <common>
 0003:00002520       ___dyn_tls_init_callback   00428520     <common>
 0003:00002524       ___piob                    00428524     <common>
 0003:00002540       __bufin                    00428540     <common>
 0003:00003540       __nstream                  00429540     <common>

 entry point at        0001:0001485d

 Static symbols

 0001:00006360       ?ex_ascii_to_uint16@@YAGPAD@Z 00407360 f   dicom:cong.obj
 0001:00014261       __initterm                 00415261 f   LIBCMT:crt0dat.obj
 0001:0001439e       _doexit                    0041539e f   LIBCMT:crt0dat.obj
 0001:0001450c       __onexit_nolock            0041550c f   LIBCMT:onexit.obj
 0001:00014642       _fast_error_exit           00415642 f   LIBCMT:crt0.obj
 0001:00014666       _check_managed_app         00415666 f   LIBCMT:crt0.obj
 0001:000146a7       ___tmainCRTStartup         004156a7 f   LIBCMT:crt0.obj
 0001:000157b2       _fastzero_I                004167b2 f   LIBCMT:p4_memset.obj
 0001:00015c92       __use_encode_pointer       00416c92 f   LIBCMT:tidtable.obj
 0001:0001639f       _write_char                0041739f f   LIBCMT:output.obj
 0001:000163d2       _write_multi_char          004173d2 f   LIBCMT:output.obj
 0001:000163f6       _write_string              004173f6 f   LIBCMT:output.obj
 0001:000175fc       _flsall                    004185fc f   LIBCMT:fflush.obj
 0001:00017c0f       _fastcopy_I                00418c0f f   LIBCMT:p4_memcpy.obj
 0001:00017d79       ?strtoxl@@YAKPAUlocaleinfo_struct@@PBDPAPBDHH@Z 00418d79 f   LIBCMT:strtol.obj
 0001:0001833d       _siglookup                 0041933d f   LIBCMT:winsig.obj
 0001:00018542       ___crtInitCritSecNoSpinCount@8 00419542 f   LIBCMT:initcrit.obj
 0001:000187e0       _parse_cmdline             004197e0 f   LIBCMT:stdargv.obj
 0001:00019c10       __unwind_handler4          0041ac10 f   LIBCMT:exsup4.obj
 0001:0001aea9       _has_osfxsr_set            0041bea9 f   LIBCMT:cpu_disp.obj
 0001:0001b5d4       __updatetlocinfoEx_nolock  0041c5d4 f   LIBCMT:setlocal.obj
 0001:0001b688       ?CPtoLCID@@YAHH@Z          0041c688 f   LIBCMT:mbctype.obj
 0001:0001b6b7       ?setSBCS@@YAXPAUthreadmbcinfostruct@@@Z 0041c6b7 f   LIBCMT:mbctype.obj
 0001:0001b70c       ?setSBUpLow@@YAXPAUthreadmbcinfostruct@@@Z 0041c70c f   LIBCMT:mbctype.obj
 0001:0001b93a       ?getSystemCP@@YAHH@Z       0041c93a f   LIBCMT:mbctype.obj
 0001:0001c6d6       ?x_ismbbtype_l@@YAHPAUlocaleinfo_struct@@IHH@Z 0041d6d6 f   LIBCMT:ismbbyte.obj
 0001:0001caa5       __tsopen_nolock            0041daa5 f   LIBCMT:open.obj
 0001:0001d6b8       __unwind_handler           0041e6b8 f   LIBCMT:exsup.obj
 0001:0001e036       ?__crtGetStringTypeA_stat@@YAHPAUlocaleinfo_struct@@KPBDHPAGHHH@Z 0041f036 f   LIBCMT:a_str.obj
 0001:0001e270       ?__crtLCMapStringA_stat@@YAHPAUlocaleinfo_struct@@KKPBDHPADHHH@Z 0041f270 f   LIBCMT:a_map.obj
 0001:0001ee60       ??__EVRType@@YAXXZ         0041fe60 f   test.obj
 0001:0001ee80       ??__FVRType@@YAXXZ         0041fe80 f   test.obj
 0001:0001ee8a       ??__Fnomem@?5???2@YAPAXI@Z@YAXXZ 0041fe8a f   LIBCMT:new.obj
